Archive member included to satisfy reference by file (symbol)

C:/ST/STM32CubeIDE_2.0.0/STM32CubeIDE/plugins/com.st.stm32cube.ide.mcu.externaltools.gnu-tools-for-stm32.13.3.rel1.win32_1.0.100.202509120712/tools/bin/../lib/gcc/arm-none-eabi/13.3.1/../../../../arm-none-eabi/lib/thumb/v7e-m+fp/hard\libc_nano.a(libc_a-exit.o)
                              C:/ST/STM32CubeIDE_2.0.0/STM32CubeIDE/plugins/com.st.stm32cube.ide.mcu.externaltools.gnu-tools-for-stm32.13.3.rel1.win32_1.0.100.202509120712/tools/bin/../lib/gcc/arm-none-eabi/13.3.1/../../../../arm-none-eabi/lib/thumb/v7e-m+fp/hard/crt0.o (exit)
C:/ST/STM32CubeIDE_2.0.0/STM32CubeIDE/plugins/com.st.stm32cube.ide.mcu.externaltools.gnu-tools-for-stm32.13.3.rel1.win32_1.0.100.202509120712/tools/bin/../lib/gcc/arm-none-eabi/13.3.1/../../../../arm-none-eabi/lib/thumb/v7e-m+fp/hard\libc_nano.a(libc_a-malloc.o)
                              ./Middlewares/ST/STM32_USB_Host_Library/Class/CDC/Src/usbh_cdc.o (malloc)
C:/ST/STM32CubeIDE_2.0.0/STM32CubeIDE/plugins/com.st.stm32cube.ide.mcu.externaltools.gnu-tools-for-stm32.13.3.rel1.win32_1.0.100.202509120712/tools/bin/../lib/gcc/arm-none-eabi/13.3.1/../../../../arm-none-eabi/lib/thumb/v7e-m+fp/hard\libc_nano.a(libc_a-mallocr.o)
                              C:/ST/STM32CubeIDE_2.0.0/STM32CubeIDE/plugins/com.st.stm32cube.ide.mcu.externaltools.gnu-tools-for-stm32.13.3.rel1.win32_1.0.100.202509120712/tools/bin/../lib/gcc/arm-none-eabi/13.3.1/../../../../arm-none-eabi/lib/thumb/v7e-m+fp/hard\libc_nano.a(libc_a-malloc.o) (_malloc_r)
C:/ST/STM32CubeIDE_2.0.0/STM32CubeIDE/plugins/com.st.stm32cube.ide.mcu.externaltools.gnu-tools-for-stm32.13.3.rel1.win32_1.0.100.202509120712/tools/bin/../lib/gcc/arm-none-eabi/13.3.1/../../../../arm-none-eabi/lib/thumb/v7e-m+fp/hard\libc_nano.a(libc_a-mlock.o)
                              C:/ST/STM32CubeIDE_2.0.0/STM32CubeIDE/plugins/com.st.stm32cube.ide.mcu.externaltools.gnu-tools-for-stm32.13.3.rel1.win32_1.0.100.202509120712/tools/bin/../lib/gcc/arm-none-eabi/13.3.1/../../../../arm-none-eabi/lib/thumb/v7e-m+fp/hard\libc_nano.a(libc_a-mallocr.o) (__malloc_lock)
C:/ST/STM32CubeIDE_2.0.0/STM32CubeIDE/plugins/com.st.stm32cube.ide.mcu.externaltools.gnu-tools-for-stm32.13.3.rel1.win32_1.0.100.202509120712/tools/bin/../lib/gcc/arm-none-eabi/13.3.1/../../../../arm-none-eabi/lib/thumb/v7e-m+fp/hard\libc_nano.a(libc_a-findfp.o)
                              C:/ST/STM32CubeIDE_2.0.0/STM32CubeIDE/plugins/com.st.stm32cube.ide.mcu.externaltools.gnu-tools-for-stm32.13.3.rel1.win32_1.0.100.202509120712/tools/bin/../lib/gcc/arm-none-eabi/13.3.1/../../../../arm-none-eabi/lib/thumb/v7e-m+fp/hard\libc_nano.a(libc_a-exit.o) (__stdio_exit_handler)
C:/ST/STM32CubeIDE_2.0.0/STM32CubeIDE/plugins/com.st.stm32cube.ide.mcu.externaltools.gnu-tools-for-stm32.13.3.rel1.win32_1.0.100.202509120712/tools/bin/../lib/gcc/arm-none-eabi/13.3.1/../../../../arm-none-eabi/lib/thumb/v7e-m+fp/hard\libc_nano.a(libc_a-fwalk.o)
                              C:/ST/STM32CubeIDE_2.0.0/STM32CubeIDE/plugins/com.st.stm32cube.ide.mcu.externaltools.gnu-tools-for-stm32.13.3.rel1.win32_1.0.100.202509120712/tools/bin/../lib/gcc/arm-none-eabi/13.3.1/../../../../arm-none-eabi/lib/thumb/v7e-m+fp/hard\libc_nano.a(libc_a-findfp.o) (_fwalk_sglue)
C:/ST/STM32CubeIDE_2.0.0/STM32CubeIDE/plugins/com.st.stm32cube.ide.mcu.externaltools.gnu-tools-for-stm32.13.3.rel1.win32_1.0.100.202509120712/tools/bin/../lib/gcc/arm-none-eabi/13.3.1/../../../../arm-none-eabi/lib/thumb/v7e-m+fp/hard\libc_nano.a(libc_a-stdio.o)
                              C:/ST/STM32CubeIDE_2.0.0/STM32CubeIDE/plugins/com.st.stm32cube.ide.mcu.externaltools.gnu-tools-for-stm32.13.3.rel1.win32_1.0.100.202509120712/tools/bin/../lib/gcc/arm-none-eabi/13.3.1/../../../../arm-none-eabi/lib/thumb/v7e-m+fp/hard\libc_nano.a(libc_a-findfp.o) (__sread)
C:/ST/STM32CubeIDE_2.0.0/STM32CubeIDE/plugins/com.st.stm32cube.ide.mcu.externaltools.gnu-tools-for-stm32.13.3.rel1.win32_1.0.100.202509120712/tools/bin/../lib/gcc/arm-none-eabi/13.3.1/../../../../arm-none-eabi/lib/thumb/v7e-m+fp/hard\libc_nano.a(libc_a-memcmp.o)
                              ./common/Thirdparty/SEGGER/OS/SEGGER_SYSVIEW_FreeRTOS.o (memcmp)
C:/ST/STM32CubeIDE_2.0.0/STM32CubeIDE/plugins/com.st.stm32cube.ide.mcu.externaltools.gnu-tools-for-stm32.13.3.rel1.win32_1.0.100.202509120712/tools/bin/../lib/gcc/arm-none-eabi/13.3.1/../../../../arm-none-eabi/lib/thumb/v7e-m+fp/hard\libc_nano.a(libc_a-memset.o)
                              C:/ST/STM32CubeIDE_2.0.0/STM32CubeIDE/plugins/com.st.stm32cube.ide.mcu.externaltools.gnu-tools-for-stm32.13.3.rel1.win32_1.0.100.202509120712/tools/bin/../lib/gcc/arm-none-eabi/13.3.1/../../../../arm-none-eabi/lib/thumb/v7e-m+fp/hard/crt0.o (memset)
[...]
Memory Configuration

Name             Origin             Length             Attributes
CCMRAM           0x10000000         0x00010000         xrw
RAM              0x20000000         0x00020000         xrw
FLASH            0x08000000         0x00100000         xr
*default*        0x00000000         0xffffffff

Linker script and memory map

LOAD C:/ST/STM32CubeIDE_2.0.0/STM32CubeIDE/plugins/com.st.stm32cube.ide.mcu.externaltools.gnu-tools-for-stm32.13.3.rel1.win32_1.0.100.202509120712/tools/bin/../lib/gcc/arm-none-eabi/13.3.1/thumb/v7e-m+fp/hard/crti.o
LOAD C:/ST/STM32CubeIDE_2.0.0/STM32CubeIDE/plugins/com.st.stm32cube.ide.mcu.externaltools.gnu-tools-for-stm32.13.3.rel1.win32_1.0.100.202509120712/tools/bin/../lib/gcc/arm-none-eabi/13.3.1/thumb/v7e-m+fp/hard/crtbegin.o
LOAD C:/ST/STM32CubeIDE_2.0.0/STM32CubeIDE/plugins/com.st.stm32cube.ide.mcu.externaltools.gnu-tools-for-stm32.13.3.rel1.win32_1.0.100.202509120712/tools/bin/../lib/gcc/arm-none-eabi/13.3.1/../../../../arm-none-eabi/lib/thumb/v7e-m+fp/hard/crt0.o
LOAD ./Core/Src/main.o
LOAD ./Core/Src/stm32f4xx_hal_msp.o
LOAD ./Core/Src/stm32f4xx_hal_timebase_tim.o
LOAD ./Core/Src/stm32f4xx_it.o
LOAD ./Core/Src/syscalls.o
LOAD ./Core/Src/sysmem.o
LOAD ./Core/Src/system_stm32f4xx.o
LOAD ./Core/Startup/startup_stm32f407vgtx.o
LOAD ./Drivers/STM32F4xx_HAL_Driver/Src/stm32f4xx_hal.o
LOAD ./Drivers/STM32F4xx_HAL_Driver/Src/stm32f4xx_hal_cortex.o
LOAD ./Drivers/STM32F4xx_HAL_Driver/Src/stm32f4xx_hal_dma.o
LOAD ./Drivers/STM32F4xx_HAL_Driver/Src/stm32f4xx_hal_dma_ex.o
LOAD ./Drivers/STM32F4xx_HAL_Driver/Src/stm32f4xx_hal_exti.o
LOAD ./Drivers/STM32F4xx_HAL_Driver/Src/stm32f4xx_hal_flash.o
LOAD ./Drivers/STM32F4xx_HAL_Driver/Src/stm32f4xx_hal_flash_ex.o
LOAD ./Drivers/STM32F4xx_HAL_Driver/Src/stm32f4xx_hal_flash_ramfunc.o
LOAD ./Drivers/STM32F4xx_HAL_Driver/Src/stm32f4xx_hal_gpio.o
LOAD ./Drivers/STM32F4xx_HAL_Driver/Src/stm32f4xx_hal_hcd.o
LOAD ./Drivers/STM32F4xx_HAL_Driver/Src/stm32f4xx_hal_i2c.o
LOAD ./Drivers/STM32F4xx_HAL_Driver/Src/stm32f4xx_hal_i2c_ex.o
LOAD ./Drivers/STM32F4xx_HAL_Driver/Src/stm32f4xx_hal_i2s.o
LOAD ./Drivers/STM32F4xx_HAL_Driver/Src/stm32f4xx_hal_i2s_ex.o
LOAD ./Drivers/STM32F4xx_HAL_Driver/Src/stm32f4xx_hal_pwr.o
LOAD ./Drivers/STM32F4xx_HAL_Driver/Src/stm32f4xx_hal_pwr_ex.o
LOAD ./Drivers/STM32F4xx_HAL_Driver/Src/stm32f4xx_hal_rcc.o
LOAD ./Drivers/STM32F4xx_HAL_Driver/Src/stm32f4xx_hal_rcc_ex.o
LOAD ./Drivers/STM32F4xx_HAL_Driver/Src/stm32f4xx_hal_spi.o
LOAD ./Drivers/STM32F4xx_HAL_Driver/Src/stm32f4xx_hal_tim.o
LOAD ./Drivers/STM32F4xx_HAL_Driver/Src/stm32f4xx_hal_tim_ex.o
LOAD ./Drivers/STM32F4xx_HAL_Driver/Src/stm32f4xx_ll_usb.o
LOAD ./Middlewares/ST/STM32_USB_Host_Library/Class/CDC/Src/usbh_cdc.o
LOAD ./Middlewares/ST/STM32_USB_Host_Library/Core/Src/usbh_core.o
LOAD ./Middlewares/ST/STM32_USB_Host_Library/Core/Src/usbh_ctlreq.o
LOAD ./Middlewares/ST/STM32_USB_Host_Library/Core/Src/usbh_ioreq.o
LOAD ./Middlewares/ST/STM32_USB_Host_Library/Core/Src/usbh_pipes.o
LOAD ./USB_HOST/App/usb_host.o
LOAD ./USB_HOST/Target/usbh_conf.o
LOAD ./USB_HOST/Target/usbh_platform.o
LOAD ./common/Thirdparty/FreeRTOS/croutine.o
LOAD ./common/Thirdparty/FreeRTOS/event_groups.o
LOAD ./common/Thirdparty/FreeRTOS/list.o
LOAD ./common/Thirdparty/FreeRTOS/queue.o
LOAD ./common/Thirdparty/FreeRTOS/stream_buffer.o
LOAD ./common/Thirdparty/FreeRTOS/tasks.o
LOAD ./common/Thirdparty/FreeRTOS/timers.o
LOAD ./common/Thirdparty/FreeRTOS/portable/GCC/ARM_CM4F/port.o
LOAD ./common/Thirdparty/FreeRTOS/portable/MemMang/heap_4.o
LOAD ./common/Thirdparty/SEGGER/Config/SEGGER_SYSVIEW_Config_FreeRTOS.o
LOAD ./common/Thirdparty/SEGGER/OS/SEGGER_SYSVIEW_FreeRTOS.o
LOAD ./common/Thirdparty/SEGGER/Rec/segger_uart.o
LOAD ./common/Thirdparty/SEGGER/SEGGER/SEGGER_RTT.o
LOAD ./common/Thirdparty/SEGGER/SEGGER/SEGGER_RTT_ASM_ARMv7M.o
LOAD ./common/Thirdparty/SEGGER/SEGGER/SEGGER_RTT_printf.o
LOAD ./common/Thirdparty/SEGGER/SEGGER/SEGGER_SYSVIEW.o
LOAD ./common/Thirdparty/SEGGER/SEGGER/Syscalls/SEGGER_RTT_Syscalls_GCC.o
START GROUP
LOAD C:/ST/STM32CubeIDE_2.0.0/STM32CubeIDE/plugins/com.st.stm32cube.ide.mcu.externaltools.gnu-tools-for-stm32.13.3.rel1.win32_1.0.100.202509120712/tools/bin/../lib/gcc/arm-none-eabi/13.3.1/../../../../arm-none-eabi/lib/thumb/v7e-m+fp/hard\libc_nano.a
LOAD C:/ST/STM32CubeIDE_2.0.0/STM32CubeIDE/plugins/com.st.stm32cube.ide.mcu.externaltools.gnu-tools-for-stm32.13.3.rel1.win32_1.0.100.202509120712/tools/bin/../lib/gcc/arm-none-eabi/13.3.1/../../../../arm-none-eabi/lib/thumb/v7e-m+fp/hard\libm.a
END GROUP
START GROUP
LOAD C:/ST/STM32CubeIDE_2.0.0/STM32CubeIDE/plugins/com.st.stm32cube.ide.mcu.externaltools.gnu-tools-for-stm32.13.3.rel1.win32_1.0.100.202509120712/tools/bin/../lib/gcc/arm-none-eabi/13.3.1/thumb/v7e-m+fp/hard\libgcc.a
LOAD C:/ST/STM32CubeIDE_2.0.0/STM32CubeIDE/plugins/com.st.stm32cube.ide.mcu.externaltools.gnu-tools-for-stm32.13.3.rel1.win32_1.0.100.202509120712/tools/bin/../lib/gcc/arm-none-eabi/13.3.1/../../../../arm-none-eabi/lib/thumb/v7e-m+fp/hard\libc_nano.a
END GROUP
START GROUP
LOAD C:/ST/STM32CubeIDE_2.0.0/STM32CubeIDE/plugins/com.st.stm32cube.ide.mcu.externaltools.gnu-tools-for-stm32.13.3.rel1.win32_1.0.100.202509120712/tools/bin/../lib/gcc/arm-none-eabi/13.3.1/thumb/v7e-m+fp/hard\libgcc.a
LOAD C:/ST/STM32CubeIDE_2.0.0/STM32CubeIDE/plugins/com.st.stm32cube.ide.mcu.externaltools.gnu-tools-for-stm32.13.3.rel1.win32_1.0.100.202509120712/tools/bin/../lib/gcc/arm-none-eabi/13.3.1/../../../../arm-none-eabi/lib/thumb/v7e-m+fp/hard\libc_nano.a
LOAD C:/ST/STM32CubeIDE_2.0.0/STM32CubeIDE/plugins/com.st.stm32cube.ide.mcu.externaltools.gnu-tools-for-stm32.13.3.rel1.win32_1.0.100.202509120712/tools/bin/../lib/gcc/arm-none-eabi/13.3.1/../../../../arm-none-eabi/lib/thumb/v7e-m+fp/hard\libnosys.a
END GROUP
START GROUP
LOAD C:/ST/STM32CubeIDE_2.0.0/STM32CubeIDE/plugins/com.st.stm32cube.ide.mcu.externaltools.gnu-tools-for-stm32.13.3.rel1.win32_1.0.100.202509120712/tools/bin/../lib/gcc/arm-none-eabi/13.3.1/thumb/v7e-m+fp/hard\libgcc.a
LOAD C:/ST/STM32CubeIDE_2.0.0/STM32CubeIDE/plugins/com.st.stm32cube.ide.mcu.externaltools.gnu-tools-for-stm32.13.3.rel1.win32_1.0.100.202509120712/tools/bin/../lib/gcc/arm-none-eabi/13.3.1/../../../../arm-none-eabi/lib/thumb/v7e-m+fp/hard\libc_nano.a
LOAD C:/ST/STM32CubeIDE_2.0.0/STM32CubeIDE/plugins/com.st.stm32cube.ide.mcu.externaltools.gnu-tools-for-stm32.13.3.rel1.win32_1.0.100.202509120712/tools/bin/../lib/gcc/arm-none-eabi/13.3.1/../../../../arm-none-eabi/lib/thumb/v7e-m+fp/hard\libnosys.a
END GROUP
LOAD C:/ST/STM32CubeIDE_2.0.0/STM32CubeIDE/plugins/com.st.stm32cube.ide.mcu.externaltools.gnu-tools-for-stm32.13.3.rel1.win32_1.0.100.202509120712/tools/bin/../lib/gcc/arm-none-eabi/13.3.1/thumb/v7e-m+fp/hard/crtend.o
LOAD C:/ST/STM32CubeIDE_2.0.0/STM32CubeIDE/plugins/com.st.stm32cube.ide.mcu.externaltools.gnu-tools-for-stm32.13.3.rel1.win32_1.0.100.202509120712/tools/bin/../lib/gcc/arm-none-eabi/13.3.1/thumb/v7e-m+fp/hard/crtn.o
                0x20020000                        _estack = (ORIGIN (RAM) + LENGTH (RAM))
                0x00000200                        _Min_Heap_Size = 0x200
                0x00000400                        _Min_Stack_Size = 0x400

.isr_vector     0x08000000      0x188
                0x08000000                        . = ALIGN (0x4)
 *(.isr_vector)
 .isr_vector    0x08000000      0x188 ./Core/Startup/startup_stm32f407vgtx.o
                0x08000000                g_pfnVectors
                0x08000188                        . = ALIGN (0x4)

.text           0x08000190     0xdb14
                0x08000190                        . = ALIGN (0x4)
 *(.text)
 .text          0x08000190       0x40 C:/ST/STM32CubeIDE_2.0.0/STM32CubeIDE/plugins/com.st.stm32cube.ide.mcu.externaltools.gnu-tools-for-stm32.13.3.rel1.win32_1.0.100.202509120712/tools/bin/../lib/gcc/arm-none-eabi/13.3.1/thumb/v7e-m+fp/hard/crtbegin.o
 .text          0x080001d0       0x94 ./common/Thirdparty/SEGGER/SEGGER/SEGGER_RTT_ASM_ARMv7M.o
                0x080001d0                SEGGER_RTT_ASM_WriteSkipNoLock
 .text          0x08000264       0x30 C:/ST/STM32CubeIDE_2.0.0/STM32CubeIDE/plugins/com.st.stm32cube.ide.mcu.externaltools.gnu-tools-for-stm32.13.3.rel1.win32_1.0.100.202509120712/tools/bin/../lib/gcc/arm-none-eabi/13.3.1/thumb/v7e-m+fp/hard\libgcc.a(_aeabi_uldivmod.o)
                0x08000264                __aeabi_uldivmod
 .text          0x08000294      0x2f8 C:/ST/STM32CubeIDE_2.0.0/STM32CubeIDE/plugins/com.st.stm32cube.ide.mcu.externaltools.gnu-tools-for-stm32.13.3.rel1.win32_1.0.100.202509120712/tools/bin/../lib/gcc/arm-none-eabi/13.3.1/thumb/v7e-m+fp/hard\libgcc.a(_udivmoddi4.o)
                0x08000294                __udivmoddi4
 .text          0x0800058c        0x4 C:/ST/STM32CubeIDE_2.0.0/STM32CubeIDE/plugins/com.st.stm32cube.ide.mcu.externaltools.gnu-tools-for-stm32.13.3.rel1.win32_1.0.100.202509120712/tools/bin/../lib/gcc/arm-none-eabi/13.3.1/thumb/v7e-m+fp/hard\libgcc.a(_dvmd_tls.o)
                0x0800058c                __aeabi_idiv0
                0x0800058c                __aeabi_ldiv0
 *(.text*)
 .text.main     0x08000590      0x12c ./Core/Src/main.o
                0x08000590                main
 .text.SystemClock_Config
                0x080006bc       0xd4 ./Core/Src/main.o
                0x080006bc                SystemClock_Config
 .text.MX_I2C1_Init
                0x08000790       0x5c ./Core/Src/main.o
 .text.MX_I2S3_Init
                0x080007ec       0x60 ./Core/Src/main.o
 .text.MX_SPI1_Init
                0x0800084c       0x6c ./Core/Src/main.o
 .text.MX_GPIO_Init
                0x080008b8      0x20c ./Core/Src/main.o
 .text.button_interrupt_handler
                0x08000ac4       0x58 ./Core/Src/main.o
                0x08000ac4                button_interrupt_handler
 .text.led_green_handler
                0x08000b1c       0x70 ./Core/Src/main.o
 .text.led_orange_handler
                0x08000b8c       0x70 ./Core/Src/main.o
 .text.led_red_handler
                0x08000bfc       0x68 ./Core/Src/main.o
 .text.HAL_TIM_PeriodElapsedCallback
                0x08000c64       0x24 ./Core/Src/main.o
                0x08000c64                HAL_TIM_PeriodElapsedCallback
 .text.Error_Handler
                0x08000c88        0xc ./Core/Src/main.o
                0x08000c88                Error_Handler
 .text.HAL_MspInit
                0x08000c94       0x50 ./Core/Src/stm32f4xx_hal_msp.o
                0x08000c94                HAL_MspInit
 .text.HAL_I2C_MspInit
                0x08000ce4       0x90 ./Core/Src/stm32f4xx_hal_msp.o
                0x08000ce4                HAL_I2C_MspInit
 .text.HAL_I2S_MspInit
                0x08000d74      0x100 ./Core/Src/stm32f4xx_hal_msp.o
                0x08000d74                HAL_I2S_MspInit
 .text.HAL_SPI_MspInit
                0x08000e74       0x90 ./Core/Src/stm32f4xx_hal_msp.o
                0x08000e74                HAL_SPI_MspInit
 .text.HAL_InitTick
                0x08000f04       0xf8 ./Core/Src/stm32f4xx_hal_timebase_tim.o
                0x08000f04                HAL_InitTick
 .text.NMI_Handler
                0x08000ffc        0x8 ./Core/Src/stm32f4xx_it.o
                0x08000ffc                NMI_Handler
 .text.HardFault_Handler
                0x08001004        0x8 ./Core/Src/stm32f4xx_it.o
                0x08001004                HardFault_Handler
 .text.MemManage_Handler
                0x0800100c        0x8 ./Core/Src/stm32f4xx_it.o
                0x0800100c                MemManage_Handler
 .text.BusFault_Handler
                0x08001014        0x8 ./Core/Src/stm32f4xx_it.o
                0x08001014                BusFault_Handler
 .text.UsageFault_Handler
                0x0800101c        0x8 ./Core/Src/stm32f4xx_it.o
                0x0800101c                UsageFault_Handler
 .text.EXTI0_IRQHandler
                0x08001024       0x12 ./Core/Src/stm32f4xx_it.o
                0x08001024                EXTI0_IRQHandler
 *fill*         0x08001036        0x2 
 .text.TIM6_DAC_IRQHandler
                0x08001038       0x14 ./Core/Src/stm32f4xx_it.o
                0x08001038                TIM6_DAC_IRQHandler
 .text.OTG_FS_IRQHandler
                0x0800104c       0x14 ./Core/Src/stm32f4xx_it.o
                0x0800104c                OTG_FS_IRQHandler
 .text._sbrk    0x08001060       0x6c ./Core/Src/sysmem.o
                0x08001060                _sbrk
 .text.SystemInit
                0x080010cc       0x24 ./Core/Src/system_stm32f4xx.o
                0x080010cc                SystemInit
 .text.Reset_Handler
                0x080010f0       0x50 ./Core/Startup/startup_stm32f407vgtx.o
                0x080010f0                Reset_Handler
 .text.Default_Handler
                0x08001140        0x2 ./Core/Startup/startup_stm32f407vgtx.o
                0x08001140                RTC_Alarm_IRQHandler
                0x08001140                HASH_RNG_IRQHandler
                0x08001140                EXTI2_IRQHandler
                0x08001140                TIM8_CC_IRQHandler
                0x08001140                DebugMon_Handler
                0x08001140                TIM1_CC_IRQHandler
                0x08001140                DMA2_Stream5_IRQHandler
                0x08001140                DMA1_Stream5_IRQHandler
                0x08001140                PVD_IRQHandler
                0x08001140                SDIO_IRQHandler
                0x08001140                TAMP_STAMP_IRQHandler
                0x08001140                CAN2_RX1_IRQHandler
                0x08001140                EXTI3_IRQHandler
                0x08001140                TIM8_TRG_COM_TIM14_IRQHandler
                0x08001140                TIM1_UP_TIM10_IRQHandler
                0x08001140                TIM8_UP_TIM13_IRQHandler
                0x08001140                I2C3_ER_IRQHandler
                0x08001140                I2C2_EV_IRQHandler
                0x08001140                DMA1_Stream2_IRQHandler
                0x08001140                CAN1_RX0_IRQHandler
                0x08001140                FPU_IRQHandler
                0x08001140                OTG_HS_WKUP_IRQHandler
                0x08001140                CAN2_SCE_IRQHandler
                0x08001140                DMA2_Stream2_IRQHandler
                0x08001140                SPI1_IRQHandler
                0x08001140                TIM1_BRK_TIM9_IRQHandler
                0x08001140                DCMI_IRQHandler
                0x08001140                CAN2_RX0_IRQHandler
                0x08001140                DMA2_Stream3_IRQHandler
                0x08001140                USART6_IRQHandler
                0x08001140                USART3_IRQHandler
                0x08001140                CAN1_RX1_IRQHandler
                0x08001140                UART5_IRQHandler
                0x08001140                DMA2_Stream0_IRQHandler
                0x08001140                TIM4_IRQHandler
                0x08001140                I2C1_EV_IRQHandler
                0x08001140                DMA1_Stream6_IRQHandler
                0x08001140                DMA1_Stream1_IRQHandler
                0x08001140                UART4_IRQHandler
                0x08001140                TIM3_IRQHandler
                0x08001140                RCC_IRQHandler
                0x08001140                TIM8_BRK_TIM12_IRQHandler
                0x08001140                Default_Handler
                0x08001140                EXTI15_10_IRQHandler
                0x08001140                ADC_IRQHandler
                0x08001140                DMA1_Stream7_IRQHandler
                0x08001140                TIM7_IRQHandler
                0x08001140                CAN2_TX_IRQHandler
                0x08001140                TIM5_IRQHandler
                0x08001140                DMA2_Stream7_IRQHandler
                0x08001140                I2C3_EV_IRQHandler
                0x08001140                EXTI9_5_IRQHandler
                0x08001140                RTC_WKUP_IRQHandler
                0x08001140                ETH_WKUP_IRQHandler
                0x08001140                SPI2_IRQHandler
                0x08001140                OTG_HS_EP1_IN_IRQHandler
                0x08001140                DMA1_Stream0_IRQHandler
                0x08001140                CAN1_TX_IRQHandler
                0x08001140                EXTI4_IRQHandler
                0x08001140                FSMC_IRQHandler
                0x08001140                ETH_IRQHandler
                0x08001140                OTG_HS_EP1_OUT_IRQHandler
                0x08001140                WWDG_IRQHandler
                0x08001140                TIM2_IRQHandler
                0x08001140                OTG_FS_WKUP_IRQHandler
                0x08001140                TIM1_TRG_COM_TIM11_IRQHandler
                0x08001140                OTG_HS_IRQHandler
                0x08001140                EXTI1_IRQHandler
                0x08001140                I2C2_ER_IRQHandler
                0x08001140                DMA2_Stream1_IRQHandler
                0x08001140                CAN1_SCE_IRQHandler
                0x08001140                FLASH_IRQHandler
                0x08001140                DMA2_Stream4_IRQHandler
                0x08001140                USART1_IRQHandler
                0x08001140                SPI3_IRQHandler
                0x08001140                DMA1_Stream4_IRQHandler
                0x08001140                I2C1_ER_IRQHandler
                0x08001140                DMA2_Stream6_IRQHandler
                0x08001140                DMA1_Stream3_IRQHandler
 *fill*         0x08001142        0x2 
 .text.HAL_Init
                0x08001144       0x44 ./Drivers/STM32F4xx_HAL_Driver/Src/stm32f4xx_hal.o
                0x08001144                HAL_Init
 .text.HAL_IncTick
                0x08001188       0x28 ./Drivers/STM32F4xx_HAL_Driver/Src/stm32f4xx_hal.o
                0x08001188                HAL_IncTick
 .text.HAL_GetTick
                0x080011b0       0x18 ./Drivers/STM32F4xx_HAL_Driver/Src/stm32f4xx_hal.o
                0x080011b0                HAL_GetTick
 .text.HAL_Delay
                0x080011c8       0x48 ./Drivers/STM32F4xx_HAL_Driver/Src/stm32f4xx_hal.o
                0x080011c8                HAL_Delay
 .text.__NVIC_SetPriorityGrouping
                0x08001210       0x48 ./Drivers/STM32F4xx_HAL_Driver/Src/stm32f4xx_hal_cortex.o
 .text.__NVIC_GetPriorityGrouping
                0x08001258       0x1c ./Drivers/STM32F4xx_HAL_Driver/Src/stm32f4xx_hal_cortex.o
 .text.__NVIC_EnableIRQ
                0x08001274       0x3c ./Drivers/STM32F4xx_HAL_Driver/Src/stm32f4xx_hal_cortex.o
 .text.__NVIC_SetPriority
                0x080012b0       0x54 ./Drivers/STM32F4xx_HAL_Driver/Src/stm32f4xx_hal_cortex.o
 .text.NVIC_EncodePriority
                0x08001304       0x66 ./Drivers/STM32F4xx_HAL_Driver/Src/stm32f4xx_hal_cortex.o
 .text.HAL_NVIC_SetPriorityGrouping
                0x0800136a       0x16 ./Drivers/STM32F4xx_HAL_Driver/Src/stm32f4xx_hal_cortex.o
                0x0800136a                HAL_NVIC_SetPriorityGrouping
 .text.HAL_NVIC_SetPriority
                0x08001380       0x38 ./Drivers/STM32F4xx_HAL_Driver/Src/stm32f4xx_hal_cortex.o
                0x08001380                HAL_NVIC_SetPriority
 .text.HAL_NVIC_EnableIRQ
                0x080013b8       0x1c ./Drivers/STM32F4xx_HAL_Driver/Src/stm32f4xx_hal_cortex.o
                0x080013b8                HAL_NVIC_EnableIRQ
 .text.HAL_GPIO_Init
                0x080013d4      0x338 ./Drivers/STM32F4xx_HAL_Driver/Src/stm32f4xx_hal_gpio.o
                0x080013d4                HAL_GPIO_Init
 .text.HAL_GPIO_WritePin
                0x0800170c       0x32 ./Drivers/STM32F4xx_HAL_Driver/Src/stm32f4xx_hal_gpio.o
                0x0800170c                HAL_GPIO_WritePin
 .text.HAL_GPIO_TogglePin
                0x0800173e       0x34 ./Drivers/STM32F4xx_HAL_Driver/Src/stm32f4xx_hal_gpio.o
                0x0800173e                HAL_GPIO_TogglePin
 *fill*         0x08001772        0x2 
 .text.HAL_GPIO_EXTI_IRQHandler
                0x08001774       0x30 ./Drivers/STM32F4xx_HAL_Driver/Src/stm32f4xx_hal_gpio.o
                0x08001774                HAL_GPIO_EXTI_IRQHandler
 .text.HAL_GPIO_EXTI_Callback
                0x080017a4       0x16 ./Drivers/STM32F4xx_HAL_Driver/Src/stm32f4xx_hal_gpio.o
                0x080017a4                HAL_GPIO_EXTI_Callback
 .text.HAL_HCD_Init
                0x080017ba       0xce ./Drivers/STM32F4xx_HAL_Driver/Src/stm32f4xx_hal_hcd.o
                0x080017ba                HAL_HCD_Init
 .text.HAL_HCD_HC_Init
                0x08001888      0x170 ./Drivers/STM32F4xx_HAL_Driver/Src/stm32f4xx_hal_hcd.o
                0x08001888                HAL_HCD_HC_Init
 .text.HAL_HCD_HC_SubmitRequest
                0x080019f8      0x33c ./Drivers/STM32F4xx_HAL_Driver/Src/stm32f4xx_hal_hcd.o
                0x080019f8                HAL_HCD_HC_SubmitRequest
 .text.HAL_HCD_IRQHandler
                0x08001d34      0x220 ./Drivers/STM32F4xx_HAL_Driver/Src/stm32f4xx_hal_hcd.o
                0x08001d34                HAL_HCD_IRQHandler
 .text.HAL_HCD_Start
                0x08001f54       0x46 ./Drivers/STM32F4xx_HAL_Driver/Src/stm32f4xx_hal_hcd.o
                0x08001f54                HAL_HCD_Start
 .text.HAL_HCD_Stop
                0x08001f9a       0x3a ./Drivers/STM32F4xx_HAL_Driver/Src/stm32f4xx_hal_hcd.o
                0x08001f9a                HAL_HCD_Stop
 .text.HAL_HCD_ResetPort
                0x08001fd4       0x1c ./Drivers/STM32F4xx_HAL_Driver/Src/stm32f4xx_hal_hcd.o
                0x08001fd4                HAL_HCD_ResetPort
 .text.HAL_HCD_HC_GetURBState
                0x08001ff0       0x2a ./Drivers/STM32F4xx_HAL_Driver/Src/stm32f4xx_hal_hcd.o
                0x08001ff0                HAL_HCD_HC_GetURBState
 .text.HAL_HCD_HC_GetXferCount
                0x0800201a       0x2a ./Drivers/STM32F4xx_HAL_Driver/Src/stm32f4xx_hal_hcd.o
                0x0800201a                HAL_HCD_HC_GetXferCount
 .text.HAL_HCD_GetCurrentFrame
                0x08002044       0x1c ./Drivers/STM32F4xx_HAL_Driver/Src/stm32f4xx_hal_hcd.o
                0x08002044                HAL_HCD_GetCurrentFrame
 .text.HAL_HCD_GetCurrentSpeed
                0x08002060       0x1c ./Drivers/STM32F4xx_HAL_Driver/Src/stm32f4xx_hal_hcd.o
                0x08002060                HAL_HCD_GetCurrentSpeed
 .text.HAL_HCD_HC_ClearHubInfo
                0x0800207c       0x6a ./Drivers/STM32F4xx_HAL_Driver/Src/stm32f4xx_hal_hcd.o
                0x0800207c                HAL_HCD_HC_ClearHubInfo
 .text.HCD_HC_IN_IRQHandler
                0x080020e6      0xcd2 ./Drivers/STM32F4xx_HAL_Driver/Src/stm32f4xx_hal_hcd.o
 .text.HCD_HC_OUT_IRQHandler
                0x08002db8      0x97e ./Drivers/STM32F4xx_HAL_Driver/Src/stm32f4xx_hal_hcd.o
 .text.HCD_RXQLVL_IRQHandler
                0x08003736      0x1be ./Drivers/STM32F4xx_HAL_Driver/Src/stm32f4xx_hal_hcd.o
 .text.HCD_Port_IRQHandler
                0x080038f4       0xe6 ./Drivers/STM32F4xx_HAL_Driver/Src/stm32f4xx_hal_hcd.o
 *fill*         0x080039da        0x2 
 .text.HAL_I2C_Init
                0x080039dc      0x288 ./Drivers/STM32F4xx_HAL_Driver/Src/stm32f4xx_hal_i2c.o
                0x080039dc                HAL_I2C_Init
 .text.HAL_I2S_Init
                0x08003c64      0x280 ./Drivers/STM32F4xx_HAL_Driver/Src/stm32f4xx_hal_i2s.o
                0x08003c64                HAL_I2S_Init
 .text.HAL_I2S_TxCpltCallback
                0x08003ee4       0x14 ./Drivers/STM32F4xx_HAL_Driver/Src/stm32f4xx_hal_i2s.o
                0x08003ee4                HAL_I2S_TxCpltCallback
 .text.HAL_I2S_RxCpltCallback
                0x08003ef8       0x14 ./Drivers/STM32F4xx_HAL_Driver/Src/stm32f4xx_hal_i2s.o
                0x08003ef8                HAL_I2S_RxCpltCallback
 .text.HAL_I2S_ErrorCallback
                0x08003f0c       0x14 ./Drivers/STM32F4xx_HAL_Driver/Src/stm32f4xx_hal_i2s.o
                0x08003f0c                HAL_I2S_ErrorCallback
 .text.I2S_Transmit_IT
                0x08003f20       0x5c ./Drivers/STM32F4xx_HAL_Driver/Src/stm32f4xx_hal_i2s.o
 .text.I2S_Receive_IT
                0x08003f7c       0x5e ./Drivers/STM32F4xx_HAL_Driver/Src/stm32f4xx_hal_i2s.o
 .text.I2S_IRQHandler
                0x08003fda      0x114 ./Drivers/STM32F4xx_HAL_Driver/Src/stm32f4xx_hal_i2s.o
 *fill*         0x080040ee        0x2 
 .text.HAL_I2SEx_FullDuplex_IRQHandler
                0x080040f0      0x2a8 ./Drivers/STM32F4xx_HAL_Driver/Src/stm32f4xx_hal_i2s_ex.o
                0x080040f0                HAL_I2SEx_FullDuplex_IRQHandler
 .text.HAL_I2SEx_TxRxCpltCallback
                0x08004398       0x14 ./Drivers/STM32F4xx_HAL_Driver/Src/stm32f4xx_hal_i2s_ex.o
                0x08004398                HAL_I2SEx_TxRxCpltCallback
 .text.I2SEx_TxISR_I2S
                0x080043ac       0x62 ./Drivers/STM32F4xx_HAL_Driver/Src/stm32f4xx_hal_i2s_ex.o
 *fill*         0x0800440e        0x2 
 .text.I2SEx_TxISR_I2SExt
                0x08004410       0x98 ./Drivers/STM32F4xx_HAL_Driver/Src/stm32f4xx_hal_i2s_ex.o
 .text.I2SEx_RxISR_I2S
                0x080044a8       0x64 ./Drivers/STM32F4xx_HAL_Driver/Src/stm32f4xx_hal_i2s_ex.o
 .text.I2SEx_RxISR_I2SExt
                0x0800450c       0x98 ./Drivers/STM32F4xx_HAL_Driver/Src/stm32f4xx_hal_i2s_ex.o
 .text.HAL_RCC_OscConfig
                0x080045a4      0x4f0 ./Drivers/STM32F4xx_HAL_Driver/Src/stm32f4xx_hal_rcc.o
                0x080045a4                HAL_RCC_OscConfig
 .text.HAL_RCC_ClockConfig
                0x08004a94      0x1cc ./Drivers/STM32F4xx_HAL_Driver/Src/stm32f4xx_hal_rcc.o
                0x08004a94                HAL_RCC_ClockConfig
 .text.HAL_RCC_GetSysClockFreq
                0x08004c60      0x20c ./Drivers/STM32F4xx_HAL_Driver/Src/stm32f4xx_hal_rcc.o
                0x08004c60                HAL_RCC_GetSysClockFreq
 .text.HAL_RCC_GetHCLKFreq
                0x08004e6c       0x18 ./Drivers/STM32F4xx_HAL_Driver/Src/stm32f4xx_hal_rcc.o
                0x08004e6c                HAL_RCC_GetHCLKFreq
 .text.HAL_RCC_GetPCLK1Freq
                0x08004e84       0x28 ./Drivers/STM32F4xx_HAL_Driver/Src/stm32f4xx_hal_rcc.o
                0x08004e84                HAL_RCC_GetPCLK1Freq
 .text.HAL_RCC_GetClockConfig
                0x08004eac       0x64 ./Drivers/STM32F4xx_HAL_Driver/Src/stm32f4xx_hal_rcc.o
                0x08004eac                HAL_RCC_GetClockConfig
 .text.HAL_RCCEx_PeriphCLKConfig
                0x08004f10      0x1c4 ./Drivers/STM32F4xx_HAL_Driver/Src/stm32f4xx_hal_rcc_ex.o
                0x08004f10                HAL_RCCEx_PeriphCLKConfig
 .text.HAL_RCCEx_GetPeriphCLKFreq
                0x080050d4       0xc0 ./Drivers/STM32F4xx_HAL_Driver/Src/stm32f4xx_hal_rcc_ex.o
                0x080050d4                HAL_RCCEx_GetPeriphCLKFreq
 .text.HAL_SPI_Init
                0x08005194      0x112 ./Drivers/STM32F4xx_HAL_Driver/Src/stm32f4xx_hal_spi.o
                0x08005194                HAL_SPI_Init
 .text.HAL_TIM_Base_Init
                0x080052a6       0x9e ./Drivers/STM32F4xx_HAL_Driver/Src/stm32f4xx_hal_tim.o
                0x080052a6                HAL_TIM_Base_Init
 .text.HAL_TIM_Base_MspInit
                0x08005344       0x14 ./Drivers/STM32F4xx_HAL_Driver/Src/stm32f4xx_hal_tim.o
                0x08005344                HAL_TIM_Base_MspInit
 .text.HAL_TIM_Base_Start_IT
                0x08005358       0xe0 ./Drivers/STM32F4xx_HAL_Driver/Src/stm32f4xx_hal_tim.o
                0x08005358                HAL_TIM_Base_Start_IT
 .text.HAL_TIM_IRQHandler
                0x08005438      0x1e0 ./Drivers/STM32F4xx_HAL_Driver/Src/stm32f4xx_hal_tim.o
                0x08005438                HAL_TIM_IRQHandler
 .text.HAL_TIM_OC_DelayElapsedCallback
                0x08005618       0x14 ./Drivers/STM32F4xx_HAL_Driver/Src/stm32f4xx_hal_tim.o
                0x08005618                HAL_TIM_OC_DelayElapsedCallback
 .text.HAL_TIM_IC_CaptureCallback
                0x0800562c       0x14 ./Drivers/STM32F4xx_HAL_Driver/Src/stm32f4xx_hal_tim.o
                0x0800562c                HAL_TIM_IC_CaptureCallback
 .text.HAL_TIM_PWM_PulseFinishedCallback
                0x08005640       0x14 ./Drivers/STM32F4xx_HAL_Driver/Src/stm32f4xx_hal_tim.o
                0x08005640                HAL_TIM_PWM_PulseFinishedCallback
 .text.HAL_TIM_TriggerCallback
                0x08005654       0x14 ./Drivers/STM32F4xx_HAL_Driver/Src/stm32f4xx_hal_tim.o
                0x08005654                HAL_TIM_TriggerCallback
 .text.TIM_Base_SetConfig
                0x08005668      0x14c ./Drivers/STM32F4xx_HAL_Driver/Src/stm32f4xx_hal_tim.o
                0x08005668                TIM_Base_SetConfig
 .text.HAL_TIMEx_CommutCallback
                0x080057b4       0x14 ./Drivers/STM32F4xx_HAL_Driver/Src/stm32f4xx_hal_tim_ex.o
                0x080057b4                HAL_TIMEx_CommutCallback
 .text.HAL_TIMEx_BreakCallback
                0x080057c8       0x14 ./Drivers/STM32F4xx_HAL_Driver/Src/stm32f4xx_hal_tim_ex.o
                0x080057c8                HAL_TIMEx_BreakCallback
 .text.USB_CoreInit
                0x080057dc       0xc8 ./Drivers/STM32F4xx_HAL_Driver/Src/stm32f4xx_ll_usb.o
                0x080057dc                USB_CoreInit
 .text.USB_EnableGlobalInt
                0x080058a4       0x22 ./Drivers/STM32F4xx_HAL_Driver/Src/stm32f4xx_ll_usb.o
                0x080058a4                USB_EnableGlobalInt
 .text.USB_DisableGlobalInt
                0x080058c6       0x22 ./Drivers/STM32F4xx_HAL_Driver/Src/stm32f4xx_ll_usb.o
                0x080058c6                USB_DisableGlobalInt
 .text.USB_SetCurrentMode
                0x080058e8       0x98 ./Drivers/STM32F4xx_HAL_Driver/Src/stm32f4xx_ll_usb.o
                0x080058e8                USB_SetCurrentMode
 .text.USB_FlushTxFifo
                0x08005980       0x64 ./Drivers/STM32F4xx_HAL_Driver/Src/stm32f4xx_ll_usb.o
                0x08005980                USB_FlushTxFifo
 .text.USB_FlushRxFifo
                0x080059e4       0x5c ./Drivers/STM32F4xx_HAL_Driver/Src/stm32f4xx_ll_usb.o
                0x080059e4                USB_FlushRxFifo
 .text.USB_WritePacket
                0x08005a40       0x7c ./Drivers/STM32F4xx_HAL_Driver/Src/stm32f4xx_ll_usb.o
                0x08005a40                USB_WritePacket
 .text.USB_ReadPacket
                0x08005abc       0xb0 ./Drivers/STM32F4xx_HAL_Driver/Src/stm32f4xx_ll_usb.o
                0x08005abc                USB_ReadPacket
 .text.USB_ReadInterrupts
                0x08005b6c       0x26 ./Drivers/STM32F4xx_HAL_Driver/Src/stm32f4xx_ll_usb.o
                0x08005b6c                USB_ReadInterrupts
 .text.USB_ReadChInterrupts
                0x08005b92       0x42 ./Drivers/STM32F4xx_HAL_Driver/Src/stm32f4xx_ll_usb.o
                0x08005b92                USB_ReadChInterrupts
 .text.USB_GetMode
                0x08005bd4       0x1c ./Drivers/STM32F4xx_HAL_Driver/Src/stm32f4xx_ll_usb.o
                0x08005bd4                USB_GetMode
 .text.USB_CoreReset
                0x08005bf0       0x70 ./Drivers/STM32F4xx_HAL_Driver/Src/stm32f4xx_ll_usb.o
 .text.USB_HostInit
                0x08005c60      0x188 ./Drivers/STM32F4xx_HAL_Driver/Src/stm32f4xx_ll_usb.o
                0x08005c60                USB_HostInit
 .text.USB_InitFSLSPClkSel
                0x08005de8       0x7a ./Drivers/STM32F4xx_HAL_Driver/Src/stm32f4xx_ll_usb.o
                0x08005de8                USB_InitFSLSPClkSel
 .text.USB_ResetPort
                0x08005e62       0x54 ./Drivers/STM32F4xx_HAL_Driver/Src/stm32f4xx_ll_usb.o
                0x08005e62                USB_ResetPort
 .text.USB_DriveVbus
                0x08005eb6       0x72 ./Drivers/STM32F4xx_HAL_Driver/Src/stm32f4xx_ll_usb.o
                0x08005eb6                USB_DriveVbus
 .text.USB_GetHostSpeed
                0x08005f28       0x2e ./Drivers/STM32F4xx_HAL_Driver/Src/stm32f4xx_ll_usb.o
                0x08005f28                USB_GetHostSpeed
 .text.USB_GetCurrentFrame
                0x08005f56       0x22 ./Drivers/STM32F4xx_HAL_Driver/Src/stm32f4xx_ll_usb.o
                0x08005f56                USB_GetCurrentFrame
 .text.USB_HC_Init
                0x08005f78      0x258 ./Drivers/STM32F4xx_HAL_Driver/Src/stm32f4xx_ll_usb.o
                0x08005f78                USB_HC_Init
 .text.USB_HC_StartXfer
                0x080061d0      0x4f4 ./Drivers/STM32F4xx_HAL_Driver/Src/stm32f4xx_ll_usb.o
                0x080061d0                USB_HC_StartXfer
 .text.USB_HC_ReadInterrupt
                0x080066c4       0x22 ./Drivers/STM32F4xx_HAL_Driver/Src/stm32f4xx_ll_usb.o
                0x080066c4                USB_HC_ReadInterrupt
 .text.USB_HC_Halt
                0x080066e6      0x240 ./Drivers/STM32F4xx_HAL_Driver/Src/stm32f4xx_ll_usb.o
                0x080066e6                USB_HC_Halt
 *fill*         0x08006926        0x2 
 .text.USB_DoPing
                0x08006928       0x78 ./Drivers/STM32F4xx_HAL_Driver/Src/stm32f4xx_ll_usb.o
                0x08006928                USB_DoPing
 .text.USB_StopHost
                0x080069a0      0x124 ./Drivers/STM32F4xx_HAL_Driver/Src/stm32f4xx_ll_usb.o
                0x080069a0                USB_StopHost
 .text.USBH_CDC_InterfaceInit
                0x08006ac4      0x2ac ./Middlewares/ST/STM32_USB_Host_Library/Class/CDC/Src/usbh_cdc.o
 .text.USBH_CDC_InterfaceDeInit
                0x08006d70       0xb2 ./Middlewares/ST/STM32_USB_Host_Library/Class/CDC/Src/usbh_cdc.o
 .text.USBH_CDC_ClassRequest
                0x08006e22       0x3e ./Middlewares/ST/STM32_USB_Host_Library/Class/CDC/Src/usbh_cdc.o
 .text.USBH_CDC_Process
                0x08006e60      0x12c ./Middlewares/ST/STM32_USB_Host_Library/Class/CDC/Src/usbh_cdc.o
 .text.USBH_CDC_SOFProcess
                0x08006f8c       0x16 ./Middlewares/ST/STM32_USB_Host_Library/Class/CDC/Src/usbh_cdc.o
 .text.GetLineCoding
                0x08006fa2       0x3e ./Middlewares/ST/STM32_USB_Host_Library/Class/CDC/Src/usbh_cdc.o
 .text.SetLineCoding
                0x08006fe0       0x3e ./Middlewares/ST/STM32_USB_Host_Library/Class/CDC/Src/usbh_cdc.o
 .text.CDC_ProcessTransmission
                0x0800701e       0xec ./Middlewares/ST/STM32_USB_Host_Library/Class/CDC/Src/usbh_cdc.o
 .text.CDC_ProcessReception
                0x0800710a       0xb6 ./Middlewares/ST/STM32_USB_Host_Library/Class/CDC/Src/usbh_cdc.o
 .text.USBH_CDC_TransmitCallback
                0x080071c0       0x14 ./Middlewares/ST/STM32_USB_Host_Library/Class/CDC/Src/usbh_cdc.o
                0x080071c0                USBH_CDC_TransmitCallback
 .text.USBH_CDC_ReceiveCallback
                0x080071d4       0x14 ./Middlewares/ST/STM32_USB_Host_Library/Class/CDC/Src/usbh_cdc.o
                0x080071d4                USBH_CDC_ReceiveCallback
 .text.USBH_CDC_LineCodingChanged
                0x080071e8       0x14 ./Middlewares/ST/STM32_USB_Host_Library/Class/CDC/Src/usbh_cdc.o
                0x080071e8                USBH_CDC_LineCodingChanged
 .text.USBH_Init
                0x080071fc       0x74 ./Middlewares/ST/STM32_USB_Host_Library/Core/Src/usbh_core.o
                0x080071fc                USBH_Init
 .text.DeInitStateMachine
                0x08007270       0xe2 ./Middlewares/ST/STM32_USB_Host_Library/Core/Src/usbh_core.o
 .text.USBH_RegisterClass
                0x08007352       0x54 ./Middlewares/ST/STM32_USB_Host_Library/Core/Src/usbh_core.o
                0x08007352                USBH_RegisterClass
 .text.USBH_SelectInterface
                0x080073a6       0x38 ./Middlewares/ST/STM32_USB_Host_Library/Core/Src/usbh_core.o
                0x080073a6                USBH_SelectInterface
 .text.USBH_FindInterface
                0x080073de       0x8c ./Middlewares/ST/STM32_USB_Host_Library/Core/Src/usbh_core.o
                0x080073de                USBH_FindInterface
 .text.USBH_Start
                0x0800746a       0x20 ./Middlewares/ST/STM32_USB_Host_Library/Core/Src/usbh_core.o
                0x0800746a                USBH_Start
 *fill*         0x0800748a        0x2 
 .text.USBH_Process
                0x0800748c      0x3d4 ./Middlewares/ST/STM32_USB_Host_Library/Core/Src/usbh_core.o
                0x0800748c                USBH_Process
 .text.USBH_HandleEnum
                0x08007860      0x3c0 ./Middlewares/ST/STM32_USB_Host_Library/Core/Src/usbh_core.o
 .text.USBH_LL_SetTimer
                0x08007c20       0x1e ./Middlewares/ST/STM32_USB_Host_Library/Core/Src/usbh_core.o
                0x08007c20                USBH_LL_SetTimer
 .text.USBH_LL_IncTimer
                0x08007c3e       0x24 ./Middlewares/ST/STM32_USB_Host_Library/Core/Src/usbh_core.o
                0x08007c3e                USBH_LL_IncTimer
 .text.USBH_HandleSof
                0x08007c62       0x30 ./Middlewares/ST/STM32_USB_Host_Library/Core/Src/usbh_core.o
 .text.USBH_LL_PortEnabled
                0x08007c92       0x1c ./Middlewares/ST/STM32_USB_Host_Library/Core/Src/usbh_core.o
                0x08007c92                USBH_LL_PortEnabled
 .text.USBH_LL_PortDisabled
                0x08007cae       0x24 ./Middlewares/ST/STM32_USB_Host_Library/Core/Src/usbh_core.o
                0x08007cae                USBH_LL_PortDisabled
 .text.USBH_LL_Connect
                0x08007cd2       0x2e ./Middlewares/ST/STM32_USB_Host_Library/Core/Src/usbh_core.o
                0x08007cd2                USBH_LL_Connect
 .text.USBH_LL_Disconnect
                0x08007d00       0x48 ./Middlewares/ST/STM32_USB_Host_Library/Core/Src/usbh_core.o
                0x08007d00                USBH_LL_Disconnect
 .text.USBH_Get_DevDesc
                0x08007d48       0x58 ./Middlewares/ST/STM32_USB_Host_Library/Core/Src/usbh_ctlreq.o
                0x08007d48                USBH_Get_DevDesc
 .text.USBH_Get_CfgDesc
                0x08007da0       0x54 ./Middlewares/ST/STM32_USB_Host_Library/Core/Src/usbh_ctlreq.o
                0x08007da0                USBH_Get_CfgDesc
 .text.USBH_Get_StringDesc
                0x08007df4       0x68 ./Middlewares/ST/STM32_USB_Host_Library/Core/Src/usbh_ctlreq.o
                0x08007df4                USBH_Get_StringDesc
 .text.USBH_GetDescriptor
                0x08007e5c       0x6a ./Middlewares/ST/STM32_USB_Host_Library/Core/Src/usbh_ctlreq.o
                0x08007e5c                USBH_GetDescriptor
 .text.USBH_SetAddress
                0x08007ec6       0x48 ./Middlewares/ST/STM32_USB_Host_Library/Core/Src/usbh_ctlreq.o
                0x08007ec6                USBH_SetAddress
 .text.USBH_SetCfg
                0x08007f0e       0x46 ./Middlewares/ST/STM32_USB_Host_Library/Core/Src/usbh_ctlreq.o
                0x08007f0e                USBH_SetCfg
 .text.USBH_SetFeature
                0x08007f54       0x48 ./Middlewares/ST/STM32_USB_Host_Library/Core/Src/usbh_ctlreq.o
                0x08007f54                USBH_SetFeature
 .text.USBH_ClrFeature
                0x08007f9c       0x48 ./Middlewares/ST/STM32_USB_Host_Library/Core/Src/usbh_ctlreq.o
                0x08007f9c                USBH_ClrFeature
 .text.USBH_ParseDevDesc
                0x08007fe4      0x160 ./Middlewares/ST/STM32_USB_Host_Library/Core/Src/usbh_ctlreq.o
 .text.USBH_ParseCfgDesc
                0x08008144      0x1f8 ./Middlewares/ST/STM32_USB_Host_Library/Core/Src/usbh_ctlreq.o
 .text.USBH_ParseInterfaceDesc
                0x0800833c       0x5e ./Middlewares/ST/STM32_USB_Host_Library/Core/Src/usbh_ctlreq.o
 .text.USBH_ParseEPDesc
                0x0800839a      0x1d0 ./Middlewares/ST/STM32_USB_Host_Library/Core/Src/usbh_ctlreq.o
 .text.USBH_ParseStringDesc
                0x0800856a       0x66 ./Middlewares/ST/STM32_USB_Host_Library/Core/Src/usbh_ctlreq.o
 .text.USBH_GetNextDesc
                0x080085d0       0x34 ./Middlewares/ST/STM32_USB_Host_Library/Core/Src/usbh_ctlreq.o
                0x080085d0                USBH_GetNextDesc
 .text.USBH_CtlReq
                0x08008604       0x7a ./Middlewares/ST/STM32_USB_Host_Library/Core/Src/usbh_ctlreq.o
                0x08008604                USBH_CtlReq
 *fill*         0x0800867e        0x2 
 .text.USBH_HandleControl
                0x08008680      0x2ec ./Middlewares/ST/STM32_USB_Host_Library/Core/Src/usbh_ctlreq.o
 .text.USBH_CtlSendSetup
                0x0800896c       0x34 ./Middlewares/ST/STM32_USB_Host_Library/Core/Src/usbh_ioreq.o
                0x0800896c                USBH_CtlSendSetup
 .text.USBH_CtlSendData
                0x080089a0       0x4a ./Middlewares/ST/STM32_USB_Host_Library/Core/Src/usbh_ioreq.o
                0x080089a0                USBH_CtlSendData
 .text.USBH_CtlReceiveData
                0x080089ea       0x3c ./Middlewares/ST/STM32_USB_Host_Library/Core/Src/usbh_ioreq.o
                0x080089ea                USBH_CtlReceiveData
 .text.USBH_BulkSendData
                0x08008a26       0x4a ./Middlewares/ST/STM32_USB_Host_Library/Core/Src/usbh_ioreq.o
                0x08008a26                USBH_BulkSendData
 .text.USBH_BulkReceiveData
                0x08008a70       0x3c ./Middlewares/ST/STM32_USB_Host_Library/Core/Src/usbh_ioreq.o
                0x08008a70                USBH_BulkReceiveData
 .text.USBH_OpenPipe
                0x08008aac       0x3e ./Middlewares/ST/STM32_USB_Host_Library/Core/Src/usbh_pipes.o
                0x08008aac                USBH_OpenPipe
 .text.USBH_ClosePipe
                0x08008aea       0x20 ./Middlewares/ST/STM32_USB_Host_Library/Core/Src/usbh_pipes.o
                0x08008aea                USBH_ClosePipe
 .text.USBH_AllocPipe
                0x08008b0a       0x42 ./Middlewares/ST/STM32_USB_Host_Library/Core/Src/usbh_pipes.o
                0x08008b0a                USBH_AllocPipe
 .text.USBH_FreePipe
                0x08008b4c       0x3c ./Middlewares/ST/STM32_USB_Host_Library/Core/Src/usbh_pipes.o
                0x08008b4c                USBH_FreePipe
 .text.USBH_GetFreePipe
                0x08008b88       0x48 ./Middlewares/ST/STM32_USB_Host_Library/Core/Src/usbh_pipes.o
 .text.MX_USB_HOST_Init
                0x08008bd0       0x4c ./USB_HOST/App/usb_host.o
                0x08008bd0                MX_USB_HOST_Init
 .text.MX_USB_HOST_Process
                0x08008c1c       0x14 ./USB_HOST/App/usb_host.o
                0x08008c1c                MX_USB_HOST_Process
 .text.USBH_UserProcess
                0x08008c30       0x5c ./USB_HOST/App/usb_host.o
 .text.HAL_HCD_MspInit
                0x08008c8c       0xc4 ./USB_HOST/Target/usbh_conf.o
                0x08008c8c                HAL_HCD_MspInit
 .text.HAL_HCD_SOF_Callback
                0x08008d50       0x1c ./USB_HOST/Target/usbh_conf.o
                0x08008d50                HAL_HCD_SOF_Callback
 .text.HAL_HCD_Connect_Callback
                0x08008d6c       0x1c ./USB_HOST/Target/usbh_conf.o
                0x08008d6c                HAL_HCD_Connect_Callback
 .text.HAL_HCD_Disconnect_Callback
                0x08008d88       0x1c ./USB_HOST/Target/usbh_conf.o
                0x08008d88                HAL_HCD_Disconnect_Callback
 .text.HAL_HCD_HC_NotifyURBChange_Callback
                0x08008da4       0x1c ./USB_HOST/Target/usbh_conf.o
                0x08008da4                HAL_HCD_HC_NotifyURBChange_Callback
 .text.HAL_HCD_PortEnabled_Callback
                0x08008dc0       0x1c ./USB_HOST/Target/usbh_conf.o
                0x08008dc0                HAL_HCD_PortEnabled_Callback
 .text.HAL_HCD_PortDisabled_Callback
                0x08008ddc       0x1c ./USB_HOST/Target/usbh_conf.o
                0x08008ddc                HAL_HCD_PortDisabled_Callback
 .text.USBH_LL_Init
                0x08008df8       0x78 ./USB_HOST/Target/usbh_conf.o
                0x08008df8                USBH_LL_Init
 .text.USBH_LL_Start
                0x08008e70       0x36 ./USB_HOST/Target/usbh_conf.o
                0x08008e70                USBH_LL_Start
 .text.USBH_LL_Stop
                0x08008ea6       0x36 ./USB_HOST/Target/usbh_conf.o
                0x08008ea6                USBH_LL_Stop
 .text.USBH_LL_GetSpeed
                0x08008edc       0x4e ./USB_HOST/Target/usbh_conf.o
                0x08008edc                USBH_LL_GetSpeed
 .text.USBH_LL_ResetPort
                0x08008f2a       0x36 ./USB_HOST/Target/usbh_conf.o
                0x08008f2a                USBH_LL_ResetPort
 .text.USBH_LL_GetLastXferSize
                0x08008f60       0x26 ./USB_HOST/Target/usbh_conf.o
                0x08008f60                USBH_LL_GetLastXferSize
 .text.USBH_LL_OpenPipe
                0x08008f86       0x5e ./USB_HOST/Target/usbh_conf.o
                0x08008f86                USBH_LL_OpenPipe
 .text.USBH_LL_ClosePipe
                0x08008fe4       0x1a ./USB_HOST/Target/usbh_conf.o
                0x08008fe4                USBH_LL_ClosePipe
 .text.USBH_LL_SubmitURB
                0x08008ffe       0x62 ./USB_HOST/Target/usbh_conf.o
                0x08008ffe                USBH_LL_SubmitURB
 .text.USBH_LL_GetURBState
                0x08009060       0x26 ./USB_HOST/Target/usbh_conf.o
                0x08009060                USBH_LL_GetURBState
 .text.USBH_LL_DriverVBUS
                0x08009086       0x2e ./USB_HOST/Target/usbh_conf.o
                0x08009086                USBH_LL_DriverVBUS
 .text.USBH_LL_SetToggle
                0x080090b4       0x66 ./USB_HOST/Target/usbh_conf.o
                0x080090b4                USBH_LL_SetToggle
 .text.USBH_Delay
                0x0800911a       0x16 ./USB_HOST/Target/usbh_conf.o
                0x0800911a                USBH_Delay
 .text.USBH_Get_USB_Status
                0x08009130       0x58 ./USB_HOST/Target/usbh_conf.o
                0x08009130                USBH_Get_USB_Status
 .text.MX_DriverVbusFS
                0x08009188       0x38 ./USB_HOST/Target/usbh_platform.o
                0x08009188                MX_DriverVbusFS
 .text.vListInitialise
                0x080091c0       0x44 ./common/Thirdparty/FreeRTOS/list.o
                0x080091c0                vListInitialise
 .text.vListInitialiseItem
                0x08009204       0x1e ./common/Thirdparty/FreeRTOS/list.o
                0x08009204                vListInitialiseItem
 .text.vListInsertEnd
                0x08009222       0x4c ./common/Thirdparty/FreeRTOS/list.o
                0x08009222                vListInsertEnd
 .text.vListInsert
                0x0800926e       0x76 ./common/Thirdparty/FreeRTOS/list.o
                0x0800926e                vListInsert
 .text.uxListRemove
                0x080092e4       0x5e ./common/Thirdparty/FreeRTOS/list.o
                0x080092e4                uxListRemove
 .text.prvCreateTask
                0x08009342       0x78 ./common/Thirdparty/FreeRTOS/tasks.o
 .text.xTaskCreate
                0x080093ba       0x50 ./common/Thirdparty/FreeRTOS/tasks.o
                0x080093ba                xTaskCreate
 .text.prvInitialiseNewTask
                0x0800940a      0x120 ./common/Thirdparty/FreeRTOS/tasks.o
 *fill*         0x0800952a        0x2 
 .text.prvAddNewTaskToReadyList
                0x0800952c      0x16c ./common/Thirdparty/FreeRTOS/tasks.o
 .text.vTaskDelete
                0x08009698      0x180 ./common/Thirdparty/FreeRTOS/tasks.o
                0x08009698                vTaskDelete
 .text.prvCreateIdleTasks
                0x08009818       0x94 ./common/Thirdparty/FreeRTOS/tasks.o
 .text.vTaskStartScheduler
                0x080098ac       0xa8 ./common/Thirdparty/FreeRTOS/tasks.o
                0x080098ac                vTaskStartScheduler
 .text.vTaskSuspendAll
                0x08009954       0x1c ./common/Thirdparty/FreeRTOS/tasks.o
                0x08009954                vTaskSuspendAll
 .text.xTaskResumeAll
                0x08009970      0x224 ./common/Thirdparty/FreeRTOS/tasks.o
                0x08009970                xTaskResumeAll
 .text.xTaskGetTickCountFromISR
                0x08009b94       0x2c ./common/Thirdparty/FreeRTOS/tasks.o
                0x08009b94                xTaskGetTickCountFromISR
 .text.xTaskIncrementTick
                0x08009bc0      0x244 ./common/Thirdparty/FreeRTOS/tasks.o
                0x08009bc0                xTaskIncrementTick
 .text.vTaskSwitchContext
                0x08009e04       0xd8 ./common/Thirdparty/FreeRTOS/tasks.o
                0x08009e04                vTaskSwitchContext
 .text.prvIdleTask
                0x08009edc       0x30 ./common/Thirdparty/FreeRTOS/tasks.o
 .text.prvInitialiseTaskLists
                0x08009f0c       0x80 ./common/Thirdparty/FreeRTOS/tasks.o
 .text.prvCheckTasksWaitingTermination
                0x08009f8c       0x5c ./common/Thirdparty/FreeRTOS/tasks.o
 .text.prvDeleteTCB
                0x08009fe8       0x20 ./common/Thirdparty/FreeRTOS/tasks.o
 .text.prvResetNextTaskUnblockTime
                0x0800a008       0x38 ./common/Thirdparty/FreeRTOS/tasks.o
 .text.xTaskGenericNotifyWait
                0x0800a040      0x130 ./common/Thirdparty/FreeRTOS/tasks.o
                0x0800a040                xTaskGenericNotifyWait
 .text.xTaskGenericNotifyFromISR
                0x0800a170      0x2d8 ./common/Thirdparty/FreeRTOS/tasks.o
                0x0800a170                xTaskGenericNotifyFromISR
 .text.prvAddCurrentTaskToDelayedList
                0x0800a448      0x11c ./common/Thirdparty/FreeRTOS/tasks.o
 .text.pxPortInitialiseStack
                0x0800a564       0x68 ./common/Thirdparty/FreeRTOS/portable/GCC/ARM_CM4F/port.o
                0x0800a564                pxPortInitialiseStack
 .text.prvTaskExitError
                0x0800a5cc       0x5c ./common/Thirdparty/FreeRTOS/portable/GCC/ARM_CM4F/port.o
 *fill*         0x0800a628        0x8 
 .text.SVC_Handler
                0x0800a630       0x28 ./common/Thirdparty/FreeRTOS/portable/GCC/ARM_CM4F/port.o
                0x0800a630                SVC_Handler
 .text.prvPortStartFirstTask
                0x0800a658       0x2c ./common/Thirdparty/FreeRTOS/portable/GCC/ARM_CM4F/port.o
 .text.xPortStartScheduler
                0x0800a684      0x1e0 ./common/Thirdparty/FreeRTOS/portable/GCC/ARM_CM4F/port.o
                0x0800a684                xPortStartScheduler
 .text.vPortEnterCritical
                0x0800a864       0x64 ./common/Thirdparty/FreeRTOS/portable/GCC/ARM_CM4F/port.o
                0x0800a864                vPortEnterCritical
 .text.vPortExitCritical
                0x0800a8c8       0x54 ./common/Thirdparty/FreeRTOS/portable/GCC/ARM_CM4F/port.o
                0x0800a8c8                vPortExitCritical
 *fill*         0x0800a91c        0x4 
 .text.PendSV_Handler
                0x0800a920       0x68 ./common/Thirdparty/FreeRTOS/portable/GCC/ARM_CM4F/port.o
                0x0800a920                PendSV_Handler
 .text.SysTick_Handler
                0x0800a988       0x54 ./common/Thirdparty/FreeRTOS/portable/GCC/ARM_CM4F/port.o
                0x0800a988                SysTick_Handler
 .text.vPortSetupTimerInterrupt
                0x0800a9dc       0x48 ./common/Thirdparty/FreeRTOS/portable/GCC/ARM_CM4F/port.o
                0x0800a9dc                vPortSetupTimerInterrupt
 .text.vPortEnableVFP
                0x0800aa24       0x18 ./common/Thirdparty/FreeRTOS/portable/GCC/ARM_CM4F/port.o
 .text.vPortValidateInterruptPriority
                0x0800aa3c       0x84 ./common/Thirdparty/FreeRTOS/portable/GCC/ARM_CM4F/port.o
                0x0800aa3c                vPortValidateInterruptPriority
 .text.pvPortMalloc
                0x0800aac0      0x264 ./common/Thirdparty/FreeRTOS/portable/MemMang/heap_4.o
                0x0800aac0                pvPortMalloc
 .text.vPortFree
                0x0800ad24       0xec ./common/Thirdparty/FreeRTOS/portable/MemMang/heap_4.o
                0x0800ad24                vPortFree
 .text.prvHeapInit
                0x0800ae10       0xb4 ./common/Thirdparty/FreeRTOS/portable/MemMang/heap_4.o
 .text.prvInsertBlockIntoFreeList
                0x0800aec4       0xf4 ./common/Thirdparty/FreeRTOS/portable/MemMang/heap_4.o
 .text._cbSendSystemDesc
                0x0800afb8       0x1c ./common/Thirdparty/SEGGER/Config/SEGGER_SYSVIEW_Config_FreeRTOS.o
 .text.SEGGER_SYSVIEW_Conf
                0x0800afd4       0x2c ./common/Thirdparty/SEGGER/Config/SEGGER_SYSVIEW_Config_FreeRTOS.o
                0x0800afd4                SEGGER_SYSVIEW_Conf
 .text._cbSendTaskList
                0x0800b000       0x90 ./common/Thirdparty/SEGGER/OS/SEGGER_SYSVIEW_FreeRTOS.o
 .text._cbGetTime
                0x0800b090       0x86 ./common/Thirdparty/SEGGER/OS/SEGGER_SYSVIEW_FreeRTOS.o
 *fill*         0x0800b116        0x2 
 .text.SYSVIEW_AddTask
                0x0800b118       0xd0 ./common/Thirdparty/SEGGER/OS/SEGGER_SYSVIEW_FreeRTOS.o
                0x0800b118                SYSVIEW_AddTask
 .text.SYSVIEW_DeleteTask
                0x0800b1e8      0x178 ./common/Thirdparty/SEGGER/OS/SEGGER_SYSVIEW_FreeRTOS.o
                0x0800b1e8                SYSVIEW_DeleteTask
 .text.SYSVIEW_SendTaskInfo
                0x0800b360       0x42 ./common/Thirdparty/SEGGER/OS/SEGGER_SYSVIEW_FreeRTOS.o
                0x0800b360                SYSVIEW_SendTaskInfo
 *fill*         0x0800b3a2        0x2 
 .text.__NVIC_EnableIRQ
                0x0800b3a4       0x3c ./common/Thirdparty/SEGGER/Rec/segger_uart.o
 .text.__NVIC_SetPriority
                0x0800b3e0       0x54 ./common/Thirdparty/SEGGER/Rec/segger_uart.o
 .text._StartSysView
                0x0800b434       0x1e ./common/Thirdparty/SEGGER/Rec/segger_uart.o
 *fill*         0x0800b452        0x2 
 .text._cbOnUARTRx
                0x0800b454       0x40 ./common/Thirdparty/SEGGER/Rec/segger_uart.o
 .text._cbOnUARTTx
                0x0800b494       0x64 ./common/Thirdparty/SEGGER/Rec/segger_uart.o
 .text.SEGGER_UART_init
                0x0800b4f8       0x24 ./common/Thirdparty/SEGGER/Rec/segger_uart.o
                0x0800b4f8                SEGGER_UART_init
 .text.USART2_IRQHandler
                0x0800b51c       0x94 ./common/Thirdparty/SEGGER/Rec/segger_uart.o
                0x0800b51c                USART2_IRQHandler
 .text.HIF_UART_EnableTXEInterrupt
                0x0800b5b0       0x20 ./common/Thirdparty/SEGGER/Rec/segger_uart.o
                0x0800b5b0                HIF_UART_EnableTXEInterrupt
 .text.HIF_UART_Init
                0x0800b5d0       0xf4 ./common/Thirdparty/SEGGER/Rec/segger_uart.o
                0x0800b5d0                HIF_UART_Init
 .text._DoInit  0x0800b6c4       0xb4 ./common/Thirdparty/SEGGER/SEGGER/SEGGER_RTT.o
 .text._WriteBlocking
                0x0800b778       0xba ./common/Thirdparty/SEGGER/SEGGER/SEGGER_RTT.o
 .text._WriteNoCheck
                0x0800b832       0x90 ./common/Thirdparty/SEGGER/SEGGER/SEGGER_RTT.o
 .text._GetAvailWriteSpace
                0x0800b8c2       0x46 ./common/Thirdparty/SEGGER/SEGGER/SEGGER_RTT.o
 .text.SEGGER_RTT_ReadUpBufferNoLock
                0x0800b908      0x10c ./common/Thirdparty/SEGGER/SEGGER/SEGGER_RTT.o
                0x0800b908                SEGGER_RTT_ReadUpBufferNoLock
 .text.SEGGER_RTT_ReadNoLock
                0x0800ba14      0x10c ./common/Thirdparty/SEGGER/SEGGER/SEGGER_RTT.o
                0x0800ba14                SEGGER_RTT_ReadNoLock
 .text.SEGGER_RTT_WriteDownBufferNoLock
                0x0800bb20       0xa0 ./common/Thirdparty/SEGGER/SEGGER/SEGGER_RTT.o
                0x0800bb20                SEGGER_RTT_WriteDownBufferNoLock
 .text.SEGGER_RTT_WriteDownBuffer
                0x0800bbc0       0x4c ./common/Thirdparty/SEGGER/SEGGER/SEGGER_RTT.o
                0x0800bbc0                SEGGER_RTT_WriteDownBuffer
 .text.SEGGER_RTT_AllocUpBuffer
                0x0800bc0c      0x108 ./common/Thirdparty/SEGGER/SEGGER/SEGGER_RTT.o
                0x0800bc0c                SEGGER_RTT_AllocUpBuffer
 .text.SEGGER_RTT_ConfigDownBuffer
                0x0800bd14       0x98 ./common/Thirdparty/SEGGER/SEGGER/SEGGER_RTT.o
                0x0800bd14                SEGGER_RTT_ConfigDownBuffer
 .text._EncodeStr
                0x0800bdac       0x60 ./common/Thirdparty/SEGGER/SEGGER/SEGGER_SYSVIEW.o
 .text._PreparePacket
                0x0800be0c       0x18 ./common/Thirdparty/SEGGER/SEGGER/SEGGER_SYSVIEW.o
 .text._HandleIncomingPacket
                0x0800be24       0xdc ./common/Thirdparty/SEGGER/SEGGER/SEGGER_SYSVIEW.o
 .text._TrySendOverflowPacket
                0x0800bf00       0xe8 ./common/Thirdparty/SEGGER/SEGGER/SEGGER_SYSVIEW.o
 .text._SendPacket
                0x0800bfe8      0x2e0 ./common/Thirdparty/SEGGER/SEGGER/SEGGER_SYSVIEW.o
 .text._StoreChar
                0x0800c2c8       0xf6 ./common/Thirdparty/SEGGER/SEGGER/SEGGER_SYSVIEW.o
 *fill*         0x0800c3be        0x2 
 .text._PrintUnsigned
                0x0800c3c0      0x12c ./common/Thirdparty/SEGGER/SEGGER/SEGGER_SYSVIEW.o
 .text._PrintInt
                0x0800c4ec      0x11e ./common/Thirdparty/SEGGER/SEGGER/SEGGER_SYSVIEW.o
 *fill*         0x0800c60a        0x2 
 .text._VPrintTarget
                0x0800c60c      0x440 ./common/Thirdparty/SEGGER/SEGGER/SEGGER_SYSVIEW.o
 .text.SEGGER_SYSVIEW_Init
                0x0800ca4c       0x88 ./common/Thirdparty/SEGGER/SEGGER/SEGGER_SYSVIEW.o
                0x0800ca4c                SEGGER_SYSVIEW_Init
 .text.SEGGER_SYSVIEW_SetRAMBase
                0x0800cad4       0x20 ./common/Thirdparty/SEGGER/SEGGER/SEGGER_SYSVIEW.o
                0x0800cad4                SEGGER_SYSVIEW_SetRAMBase
 .text.SEGGER_SYSVIEW_RecordVoid
                0x0800caf4       0x3c ./common/Thirdparty/SEGGER/SEGGER/SEGGER_SYSVIEW.o
                0x0800caf4                SEGGER_SYSVIEW_RecordVoid
 .text.SEGGER_SYSVIEW_RecordU32
                0x0800cb30       0x78 ./common/Thirdparty/SEGGER/SEGGER/SEGGER_SYSVIEW.o
                0x0800cb30                SEGGER_SYSVIEW_RecordU32
 .text.SEGGER_SYSVIEW_RecordU32x2
                0x0800cba8       0xb4 ./common/Thirdparty/SEGGER/SEGGER/SEGGER_SYSVIEW.o
                0x0800cba8                SEGGER_SYSVIEW_RecordU32x2
 .text.SEGGER_SYSVIEW_Start
                0x0800cc5c      0x178 ./common/Thirdparty/SEGGER/SEGGER/SEGGER_SYSVIEW.o
                0x0800cc5c                SEGGER_SYSVIEW_Start
 .text.SEGGER_SYSVIEW_Stop
                0x0800cdd4       0x4c ./common/Thirdparty/SEGGER/SEGGER/SEGGER_SYSVIEW.o
                0x0800cdd4                SEGGER_SYSVIEW_Stop
 .text.SEGGER_SYSVIEW_GetSysDesc
                0x0800ce20      0x134 ./common/Thirdparty/SEGGER/SEGGER/SEGGER_SYSVIEW.o
                0x0800ce20                SEGGER_SYSVIEW_GetSysDesc
 .text.SEGGER_SYSVIEW_SendTaskInfo
                0x0800cf54      0x1c8 ./common/Thirdparty/SEGGER/SEGGER/SEGGER_SYSVIEW.o
                0x0800cf54                SEGGER_SYSVIEW_SendTaskInfo
 .text.SEGGER_SYSVIEW_SendTaskList
                0x0800d11c       0x28 ./common/Thirdparty/SEGGER/SEGGER/SEGGER_SYSVIEW.o
                0x0800d11c                SEGGER_SYSVIEW_SendTaskList
 .text.SEGGER_SYSVIEW_SendSysDesc
                0x0800d144       0x48 ./common/Thirdparty/SEGGER/SEGGER/SEGGER_SYSVIEW.o
                0x0800d144                SEGGER_SYSVIEW_SendSysDesc
 .text.SEGGER_SYSVIEW_RecordSystime
                0x0800d18c       0x64 ./common/Thirdparty/SEGGER/SEGGER/SEGGER_SYSVIEW.o
                0x0800d18c                SEGGER_SYSVIEW_RecordSystime
 .text.SEGGER_SYSVIEW_RecordEnterISR
                0x0800d1f0       0x84 ./common/Thirdparty/SEGGER/SEGGER/SEGGER_SYSVIEW.o
                0x0800d1f0                SEGGER_SYSVIEW_RecordEnterISR
 .text.SEGGER_SYSVIEW_RecordExitISR
                0x0800d274       0x38 ./common/Thirdparty/SEGGER/SEGGER/SEGGER_SYSVIEW.o
                0x0800d274                SEGGER_SYSVIEW_RecordExitISR
 .text.SEGGER_SYSVIEW_RecordExitISRToScheduler
                0x0800d2ac       0x38 ./common/Thirdparty/SEGGER/SEGGER/SEGGER_SYSVIEW.o
                0x0800d2ac                SEGGER_SYSVIEW_RecordExitISRToScheduler
 .text.SEGGER_SYSVIEW_RecordEndCall
                0x0800d2e4       0x78 ./common/Thirdparty/SEGGER/SEGGER/SEGGER_SYSVIEW.o
                0x0800d2e4                SEGGER_SYSVIEW_RecordEndCall
 .text.SEGGER_SYSVIEW_RecordEndCallU32
                0x0800d35c       0xb0 ./common/Thirdparty/SEGGER/SEGGER/SEGGER_SYSVIEW.o
                0x0800d35c                SEGGER_SYSVIEW_RecordEndCallU32
 .text.SEGGER_SYSVIEW_OnIdle
                0x0800d40c       0x38 ./common/Thirdparty/SEGGER/SEGGER/SEGGER_SYSVIEW.o
                0x0800d40c                SEGGER_SYSVIEW_OnIdle
 .text.SEGGER_SYSVIEW_OnTaskCreate
                0x0800d444       0x84 ./common/Thirdparty/SEGGER/SEGGER/SEGGER_SYSVIEW.o
                0x0800d444                SEGGER_SYSVIEW_OnTaskCreate
 .text.SEGGER_SYSVIEW_OnTaskStartExec
                0x0800d4c8       0x84 ./common/Thirdparty/SEGGER/SEGGER/SEGGER_SYSVIEW.o
                0x0800d4c8                SEGGER_SYSVIEW_OnTaskStartExec
 .text.SEGGER_SYSVIEW_OnTaskStartReady
                0x0800d54c       0x84 ./common/Thirdparty/SEGGER/SEGGER/SEGGER_SYSVIEW.o
                0x0800d54c                SEGGER_SYSVIEW_OnTaskStartReady
 .text.SEGGER_SYSVIEW_OnTaskStopReady
                0x0800d5d0       0xc0 ./common/Thirdparty/SEGGER/SEGGER/SEGGER_SYSVIEW.o
                0x0800d5d0                SEGGER_SYSVIEW_OnTaskStopReady
 .text.SEGGER_SYSVIEW_ShrinkId
                0x0800d690       0x20 ./common/Thirdparty/SEGGER/SEGGER/SEGGER_SYSVIEW.o
                0x0800d690                SEGGER_SYSVIEW_ShrinkId
 .text.SEGGER_SYSVIEW_SendModule
                0x0800d6b0      0x114 ./common/Thirdparty/SEGGER/SEGGER/SEGGER_SYSVIEW.o
                0x0800d6b0                SEGGER_SYSVIEW_SendModule
 .text.SEGGER_SYSVIEW_SendModuleDescription
                0x0800d7c4       0x3c ./common/Thirdparty/SEGGER/SEGGER/SEGGER_SYSVIEW.o
                0x0800d7c4                SEGGER_SYSVIEW_SendModuleDescription
 .text.SEGGER_SYSVIEW_SendNumModules
                0x0800d800       0x7c ./common/Thirdparty/SEGGER/SEGGER/SEGGER_SYSVIEW.o
                0x0800d800                SEGGER_SYSVIEW_SendNumModules
 .text.SEGGER_SYSVIEW_PrintfTarget
                0x0800d87c       0x28 ./common/Thirdparty/SEGGER/SEGGER/SEGGER_SYSVIEW.o
                0x0800d87c                SEGGER_SYSVIEW_PrintfTarget
 .text.SEGGER_SYSVIEW_Warn
                0x0800d8a4       0xb8 ./common/Thirdparty/SEGGER/SEGGER/SEGGER_SYSVIEW.o
                0x0800d8a4                SEGGER_SYSVIEW_Warn
 .text.SEGGER_SYSVIEW_IsStarted
                0x0800d95c       0x5c ./common/Thirdparty/SEGGER/SEGGER/SEGGER_SYSVIEW.o
                0x0800d95c                SEGGER_SYSVIEW_IsStarted
 .text.malloc   0x0800d9b8       0x10 C:/ST/STM32CubeIDE_2.0.0/STM32CubeIDE/plugins/com.st.stm32cube.ide.mcu.externaltools.gnu-tools-for-stm32.13.3.rel1.win32_1.0.100.202509120712/tools/bin/../lib/gcc/arm-none-eabi/13.3.1/../../../../arm-none-eabi/lib/thumb/v7e-m+fp/hard\libc_nano.a(libc_a-malloc.o)
                0x0800d9b8                malloc
 .text.free     0x0800d9c8       0x10 C:/ST/STM32CubeIDE_2.0.0/STM32CubeIDE/plugins/com.st.stm32cube.ide.mcu.externaltools.gnu-tools-for-stm32.13.3.rel1.win32_1.0.100.202509120712/tools/bin/../lib/gcc/arm-none-eabi/13.3.1/../../../../arm-none-eabi/lib/thumb/v7e-m+fp/hard\libc_nano.a(libc_a-malloc.o)
                0x0800d9c8                free
 .text.sbrk_aligned
                0x0800d9d8       0x44 C:/ST/STM32CubeIDE_2.0.0/STM32CubeIDE/plugins/com.st.stm32cube.ide.mcu.externaltools.gnu-tools-for-stm32.13.3.rel1.win32_1.0.100.202509120712/tools/bin/../lib/gcc/arm-none-eabi/13.3.1/../../../../arm-none-eabi/lib/thumb/v7e-m+fp/hard\libc_nano.a(libc_a-mallocr.o)
 .text._malloc_r
                0x0800da1c      0x100 C:/ST/STM32CubeIDE_2.0.0/STM32CubeIDE/plugins/com.st.stm32cube.ide.mcu.externaltools.gnu-tools-for-stm32.13.3.rel1.win32_1.0.100.202509120712/tools/bin/../lib/gcc/arm-none-eabi/13.3.1/../../../../arm-none-eabi/lib/thumb/v7e-m+fp/hard\libc_nano.a(libc_a-mallocr.o)
                0x0800da1c                _malloc_r
 .text.__malloc_lock
                0x0800db1c        0xc C:/ST/STM32CubeIDE_2.0.0/STM32CubeIDE/plugins/com.st.stm32cube.ide.mcu.externaltools.gnu-tools-for-stm32.13.3.rel1.win32_1.0.100.202509120712/tools/bin/../lib/gcc/arm-none-eabi/13.3.1/../../../../arm-none-eabi/lib/thumb/v7e-m+fp/hard\libc_nano.a(libc_a-mlock.o)
                0x0800db1c                __malloc_lock
 .text.__malloc_unlock
                0x0800db28        0xc C:/ST/STM32CubeIDE_2.0.0/STM32CubeIDE/plugins/com.st.stm32cube.ide.mcu.externaltools.gnu-tools-for-stm32.13.3.rel1.win32_1.0.100.202509120712/tools/bin/../lib/gcc/arm-none-eabi/13.3.1/../../../../arm-none-eabi/lib/thumb/v7e-m+fp/hard\libc_nano.a(libc_a-mlock.o)
                0x0800db28                __malloc_unlock
 .text.memcmp   0x0800db34       0x20 C:/ST/STM32CubeIDE_2.0.0/STM32CubeIDE/plugins/com.st.stm32cube.ide.mcu.externaltools.gnu-tools-for-stm32.13.3.rel1.win32_1.0.100.202509120712/tools/bin/../lib/gcc/arm-none-eabi/13.3.1/../../../../arm-none-eabi/lib/thumb/v7e-m+fp/hard\libc_nano.a(libc_a-memcmp.o)
                0x0800db34                memcmp
 .text.memset   0x0800db54       0x10 C:/ST/STM32CubeIDE_2.0.0/STM32CubeIDE/plugins/com.st.stm32cube.ide.mcu.externaltools.gnu-tools-for-stm32.13.3.rel1.win32_1.0.100.202509120712/tools/bin/../lib/gcc/arm-none-eabi/13.3.1/../../../../arm-none-eabi/lib/thumb/v7e-m+fp/hard\libc_nano.a(libc_a-memset.o)
                0x0800db54                memset
 .text._sbrk_r  0x0800db64       0x20 C:/ST/STM32CubeIDE_2.0.0/STM32CubeIDE/plugins/com.st.stm32cube.ide.mcu.externaltools.gnu-tools-for-stm32.13.3.rel1.win32_1.0.100.202509120712/tools/bin/../lib/gcc/arm-none-eabi/13.3.1/../../../../arm-none-eabi/lib/thumb/v7e-m+fp/hard\libc_nano.a(libc_a-sbrkr.o)
                0x0800db64                _sbrk_r
 .text.__errno  0x0800db84        0xc C:/ST/STM32CubeIDE_2.0.0/STM32CubeIDE/plugins/com.st.stm32cube.ide.mcu.externaltools.gnu-tools-for-stm32.13.3.rel1.win32_1.0.100.202509120712/tools/bin/../lib/gcc/arm-none-eabi/13.3.1/../../../../arm-none-eabi/lib/thumb/v7e-m+fp/hard\libc_nano.a(libc_a-errno.o)
                0x0800db84                __errno
 .text.__libc_init_array
                0x0800db90       0x48 C:/ST/STM32CubeIDE_2.0.0/STM32CubeIDE/plugins/com.st.stm32cube.ide.mcu.externaltools.gnu-tools-for-stm32.13.3.rel1.win32_1.0.100.202509120712/tools/bin/../lib/gcc/arm-none-eabi/13.3.1/../../../../arm-none-eabi/lib/thumb/v7e-m+fp/hard\libc_nano.a(libc_a-init.o)
                0x0800db90                __libc_init_array
 .text.__retarget_lock_acquire_recursive
                0x0800dbd8        0x2 C:/ST/STM32CubeIDE_2.0.0/STM32CubeIDE/plugins/com.st.stm32cube.ide.mcu.externaltools.gnu-tools-for-stm32.13.3.rel1.win32_1.0.100.202509120712/tools/bin/../lib/gcc/arm-none-eabi/13.3.1/../../../../arm-none-eabi/lib/thumb/v7e-m+fp/hard\libc_nano.a(libc_a-lock.o)
                0x0800dbd8                __retarget_lock_acquire_recursive
 .text.__retarget_lock_release_recursive
                0x0800dbda        0x2 C:/ST/STM32CubeIDE_2.0.0/STM32CubeIDE/plugins/com.st.stm32cube.ide.mcu.externaltools.gnu-tools-for-stm32.13.3.rel1.win32_1.0.100.202509120712/tools/bin/../lib/gcc/arm-none-eabi/13.3.1/../../../../arm-none-eabi/lib/thumb/v7e-m+fp/hard\libc_nano.a(libc_a-lock.o)
                0x0800dbda                __retarget_lock_release_recursive
 .text.memcpy   0x0800dbdc       0x1c C:/ST/STM32CubeIDE_2.0.0/STM32CubeIDE/plugins/com.st.stm32cube.ide.mcu.externaltools.gnu-tools-for-stm32.13.3.rel1.win32_1.0.100.202509120712/tools/bin/../lib/gcc/arm-none-eabi/13.3.1/../../../../arm-none-eabi/lib/thumb/v7e-m+fp/hard\libc_nano.a(libc_a-memcpy-stub.o)
                0x0800dbdc                memcpy
 .text._free_r  0x0800dbf8       0x94 C:/ST/STM32CubeIDE_2.0.0/STM32CubeIDE/plugins/com.st.stm32cube.ide.mcu.externaltools.gnu-tools-for-stm32.13.3.rel1.win32_1.0.100.202509120712/tools/bin/../lib/gcc/arm-none-eabi/13.3.1/../../../../arm-none-eabi/lib/thumb/v7e-m+fp/hard\libc_nano.a(libc_a-freer.o)
                0x0800dbf8                _free_r
 *(.glue_7)
 .glue_7        0x0800dc8c        0x0 linker stubs
 *(.glue_7t)
 .glue_7t       0x0800dc8c        0x0 linker stubs
 *(.eh_frame)
 .eh_frame      0x0800dc8c        0x0 C:/ST/STM32CubeIDE_2.0.0/STM32CubeIDE/plugins/com.st.stm32cube.ide.mcu.externaltools.gnu-tools-for-stm32.13.3.rel1.win32_1.0.100.202509120712/tools/bin/../lib/gcc/arm-none-eabi/13.3.1/thumb/v7e-m+fp/hard/crtbegin.o
 *(.init)
 .init          0x0800dc8c        0x4 C:/ST/STM32CubeIDE_2.0.0/STM32CubeIDE/plugins/com.st.stm32cube.ide.mcu.externaltools.gnu-tools-for-stm32.13.3.rel1.win32_1.0.100.202509120712/tools/bin/../lib/gcc/arm-none-eabi/13.3.1/thumb/v7e-m+fp/hard/crti.o
                0x0800dc8c                _init
 .init          0x0800dc90        0x8 C:/ST/STM32CubeIDE_2.0.0/STM32CubeIDE/plugins/com.st.stm32cube.ide.mcu.externaltools.gnu-tools-for-stm32.13.3.rel1.win32_1.0.100.202509120712/tools/bin/../lib/gcc/arm-none-eabi/13.3.1/thumb/v7e-m+fp/hard/crtn.o
 *(.fini)
 .fini          0x0800dc98        0x4 C:/ST/STM32CubeIDE_2.0.0/STM32CubeIDE/plugins/com.st.stm32cube.ide.mcu.externaltools.gnu-tools-for-stm32.13.3.rel1.win32_1.0.100.202509120712/tools/bin/../lib/gcc/arm-none-eabi/13.3.1/thumb/v7e-m+fp/hard/crti.o
                0x0800dc98                _fini
 .fini          0x0800dc9c        0x8 C:/ST/STM32CubeIDE_2.0.0/STM32CubeIDE/plugins/com.st.stm32cube.ide.mcu.externaltools.gnu-tools-for-stm32.13.3.rel1.win32_1.0.100.202509120712/tools/bin/../lib/gcc/arm-none-eabi/13.3.1/thumb/v7e-m+fp/hard/crtn.o
                0x0800dca4                        . = ALIGN (0x4)
                0x0800dca4                        _etext = .

.vfp11_veneer   0x0800dca4        0x0
 .vfp11_veneer  0x0800dca4        0x0 linker stubs

.v4_bx          0x0800dca4        0x0
 .v4_bx         0x0800dca4        0x0 linker stubs

.iplt           0x0800dca4        0x0
 .iplt          0x0800dca4        0x0 C:/ST/STM32CubeIDE_2.0.0/STM32CubeIDE/plugins/com.st.stm32cube.ide.mcu.externaltools.gnu-tools-for-stm32.13.3.rel1.win32_1.0.100.202509120712/tools/bin/../lib/gcc/arm-none-eabi/13.3.1/thumb/v7e-m+fp/hard/crtbegin.o

.rodata         0x0800dca4      0x1c8
                0x0800dca4                        . = ALIGN (0x4)
 *(.rodata)
 .rodata        0x0800dca4       0x9e ./Core/Src/main.o
 *fill*         0x0800dd42        0x2 
 .rodata        0x0800dd44        0x4 ./Middlewares/ST/STM32_USB_Host_Library/Class/CDC/Src/usbh_cdc.o
 .rodata        0x0800dd48        0x5 ./common/Thirdparty/FreeRTOS/tasks.o
 *fill*         0x0800dd4d        0x3 
 .rodata        0x0800dd50       0x4d ./common/Thirdparty/SEGGER/Config/SEGGER_SYSVIEW_Config_FreeRTOS.o
 *fill*         0x0800dd9d        0x3 
 .rodata        0x0800dda0       0x58 ./common/Thirdparty/SEGGER/OS/SEGGER_SYSVIEW_FreeRTOS.o
 .rodata        0x0800ddf8        0x9 ./common/Thirdparty/SEGGER/SEGGER/SEGGER_RTT.o
 *fill*         0x0800de01        0x3 
 .rodata        0x0800de04       0x10 ./common/Thirdparty/SEGGER/SEGGER/SEGGER_SYSVIEW.o
 *(.rodata*)
 .rodata.AHBPrescTable
                0x0800de14       0x10 ./Core/Src/system_stm32f4xx.o
                0x0800de14                AHBPrescTable
 .rodata.APBPrescTable
                0x0800de24        0x8 ./Core/Src/system_stm32f4xx.o
                0x0800de24                APBPrescTable
 .rodata.uxTopUsedPriority
                0x0800de2c        0x4 ./common/Thirdparty/FreeRTOS/tasks.o
 .rodata.SYSVIEW_X_OS_TraceAPI
                0x0800de30        0x8 ./common/Thirdparty/SEGGER/OS/SEGGER_SYSVIEW_FreeRTOS.o
                0x0800de30                SYSVIEW_X_OS_TraceAPI
 .rodata._abHelloMsg
                0x0800de38        0x4 ./common/Thirdparty/SEGGER/Rec/segger_uart.o
 .rodata._aInitStr.0
                0x0800de3c       0x11 ./common/Thirdparty/SEGGER/SEGGER/SEGGER_RTT.o
 *fill*         0x0800de4d        0x3 
 .rodata._abSync
                0x0800de50        0xa ./common/Thirdparty/SEGGER/SEGGER/SEGGER_SYSVIEW.o
 *fill*         0x0800de5a        0x2 
 .rodata._aV2C.0
                0x0800de5c       0x10 ./common/Thirdparty/SEGGER/SEGGER/SEGGER_SYSVIEW.o
                0x0800de6c                        . = ALIGN (0x4)

.ARM.extab      0x0800de6c        0x0
                0x0800de6c                        . = ALIGN (0x4)
 *(.ARM.extab* .gnu.linkonce.armextab.*)
                0x0800de6c                        . = ALIGN (0x4)

.ARM            0x0800de6c        0x8
                0x0800de6c                        . = ALIGN (0x4)
                0x0800de6c                        __exidx_start = .
 *(.ARM.exidx*)
 .ARM.exidx     0x0800de6c        0x8 C:/ST/STM32CubeIDE_2.0.0/STM32CubeIDE/plugins/com.st.stm32cube.ide.mcu.externaltools.gnu-tools-for-stm32.13.3.rel1.win32_1.0.100.202509120712/tools/bin/../lib/gcc/arm-none-eabi/13.3.1/thumb/v7e-m+fp/hard\libgcc.a(_udivmoddi4.o)
                0x0800de74                        __exidx_end = .
                0x0800de74                        . = ALIGN (0x4)

.preinit_array  0x0800de74        0x0
                0x0800de74                        . = ALIGN (0x4)
                0x0800de74                        PROVIDE (__preinit_array_start = .)
 *(.preinit_array*)
                0x0800de74                        PROVIDE (__preinit_array_end = .)
                0x0800de74                        . = ALIGN (0x4)

.init_array     0x0800de74        0x4
                0x0800de74                        . = ALIGN (0x4)
                0x0800de74                        PROVIDE (__init_array_start = .)
 *(SORT_BY_NAME(.init_array.*))
 *(.init_array*)
 .init_array    0x0800de74        0x4 C:/ST/STM32CubeIDE_2.0.0/STM32CubeIDE/plugins/com.st.stm32cube.ide.mcu.externaltools.gnu-tools-for-stm32.13.3.rel1.win32_1.0.100.202509120712/tools/bin/../lib/gcc/arm-none-eabi/13.3.1/thumb/v7e-m+fp/hard/crtbegin.o
                0x0800de78                        PROVIDE (__init_array_end = .)
                0x0800de78                        . = ALIGN (0x4)

.fini_array     0x0800de78        0x4
                0x0800de78                        . = ALIGN (0x4)
                [!provide]                        PROVIDE (__fini_array_start = .)
 *(SORT_BY_NAME(.fini_array.*))
 *(.fini_array*)
 .fini_array    0x0800de78        0x4 C:/ST/STM32CubeIDE_2.0.0/STM32CubeIDE/plugins/com.st.stm32cube.ide.mcu.externaltools.gnu-tools-for-stm32.13.3.rel1.win32_1.0.100.202509120712/tools/bin/../lib/gcc/arm-none-eabi/13.3.1/thumb/v7e-m+fp/hard/crtbegin.o
                [!provide]                        PROVIDE (__fini_array_end = .)
                0x0800de7c                        . = ALIGN (0x4)
                0x0800de7c                        _sidata = LOADADDR (.data)

.rel.dyn        0x0800de7c        0x0
 .rel.iplt      0x0800de7c        0x0 C:/ST/STM32CubeIDE_2.0.0/STM32CubeIDE/plugins/com.st.stm32cube.ide.mcu.externaltools.gnu-tools-for-stm32.13.3.rel1.win32_1.0.100.202509120712/tools/bin/../lib/gcc/arm-none-eabi/13.3.1/thumb/v7e-m+fp/hard/crtbegin.o

.data           0x20000000       0x88 load address 0x0800de7c
                0x20000000                        . = ALIGN (0x4)
                0x20000000                        _sdata = .
 *(.data)
 *(.data*)
 .data.SystemCoreClock
                0x20000000        0x4 ./Core/Src/system_stm32f4xx.o
                0x20000000                SystemCoreClock
 .data.uwTickPrio
                0x20000004        0x4 ./Drivers/STM32F4xx_HAL_Driver/Src/stm32f4xx_hal.o
                0x20000004                uwTickPrio
 .data.uwTickFreq
                0x20000008        0x1 ./Drivers/STM32F4xx_HAL_Driver/Src/stm32f4xx_hal.o
                0x20000008                uwTickFreq
 *fill*         0x20000009        0x3 
 .data.CDC_Class
                0x2000000c       0x20 ./Middlewares/ST/STM32_USB_Host_Library/Class/CDC/Src/usbh_cdc.o
                0x2000000c                CDC_Class
 .data.uxCriticalNesting
                0x2000002c        0x4 ./common/Thirdparty/FreeRTOS/portable/GCC/ARM_CM4F/port.o
 .data._SVInfo  0x20000030        0x8 ./common/Thirdparty/SEGGER/Rec/segger_uart.o
 .data._impure_ptr
                0x20000038        0x4 C:/ST/STM32CubeIDE_2.0.0/STM32CubeIDE/plugins/com.st.stm32cube.ide.mcu.externaltools.gnu-tools-for-stm32.13.3.rel1.win32_1.0.100.202509120712/tools/bin/../lib/gcc/arm-none-eabi/13.3.1/../../../../arm-none-eabi/lib/thumb/v7e-m+fp/hard\libc_nano.a(libc_a-impure.o)
                0x20000038                _impure_ptr
 .data._impure_data
                0x2000003c       0x4c C:/ST/STM32CubeIDE_2.0.0/STM32CubeIDE/plugins/com.st.stm32cube.ide.mcu.externaltools.gnu-tools-for-stm32.13.3.rel1.win32_1.0.100.202509120712/tools/bin/../lib/gcc/arm-none-eabi/13.3.1/../../../../arm-none-eabi/lib/thumb/v7e-m+fp/hard\libc_nano.a(libc_a-impure.o)
                0x2000003c                _impure_data
 *(.RamFunc)
 *(.RamFunc*)
                0x20000088                        . = ALIGN (0x4)
                0x20000088                        _edata = .
                0x0800df04                        _siccmram = LOADADDR (.ccmram)

.igot.plt       0x20000088        0x0 load address 0x0800df04
 .igot.plt      0x20000088        0x0 C:/ST/STM32CubeIDE_2.0.0/STM32CubeIDE/plugins/com.st.stm32cube.ide.mcu.externaltools.gnu-tools-for-stm32.13.3.rel1.win32_1.0.100.202509120712/tools/bin/../lib/gcc/arm-none-eabi/13.3.1/thumb/v7e-m+fp/hard/crtbegin.o

.ccmram         0x10000000        0x0 load address 0x0800df04
                0x10000000                        . = ALIGN (0x4)
                0x10000000                        _sccmram = .
 *(.ccmram)
 *(.ccmram*)
                0x10000000                        . = ALIGN (0x4)
                0x10000000                        _eccmram = .
                0x10000000                        . = ALIGN (0x4)

.bss            0x20000088    0x1b220
                0x20000088                        _sbss = .
                0x20000088                        __bss_start__ = _sbss
 *(.bss)
 .bss           0x20000088       0x1c C:/ST/STM32CubeIDE_2.0.0/STM32CubeIDE/plugins/com.st.stm32cube.ide.mcu.externaltools.gnu-tools-for-stm32.13.3.rel1.win32_1.0.100.202509120712/tools/bin/../lib/gcc/arm-none-eabi/13.3.1/thumb/v7e-m+fp/hard/crtbegin.o
 *(.bss*)
 .bss.hi2c1     0x200000a4       0x54 ./Core/Src/main.o
                0x200000a4                hi2c1
 .bss.hi2s3     0x200000f8       0x48 ./Core/Src/main.o
                0x200000f8                hi2s3
 .bss.hspi1     0x20000140       0x58 ./Core/Src/main.o
                0x20000140                hspi1
 .bss.GreenTask_handle
                0x20000198        0x4 ./Core/Src/main.o
                0x20000198                GreenTask_handle
 .bss.OrangeTask_handle
                0x2000019c        0x4 ./Core/Src/main.o
                0x2000019c                OrangeTask_handle
 .bss.RedTask_handle
                0x200001a0        0x4 ./Core/Src/main.o
                0x200001a0                RedTask_handle
 .bss.next_task_handle
                0x200001a4        0x4 ./Core/Src/main.o
                0x200001a4                next_task_handle
 .bss.status    0x200001a8        0x4 ./Core/Src/main.o
                0x200001a8                status
 .bss.htim6     0x200001ac       0x48 ./Core/Src/stm32f4xx_hal_timebase_tim.o
                0x200001ac                htim6
 .bss.__sbrk_heap_end
                0x200001f4        0x4 ./Core/Src/sysmem.o
 .bss.uwTick    0x200001f8        0x4 ./Drivers/STM32F4xx_HAL_Driver/Src/stm32f4xx_hal.o
                0x200001f8                uwTick
 .bss.hUsbHostFS
                0x200001fc      0x3d8 ./USB_HOST/App/usb_host.o
                0x200001fc                hUsbHostFS
 .bss.Appli_state
                0x200005d4        0x1 ./USB_HOST/App/usb_host.o
                0x200005d4                Appli_state
 *fill*         0x200005d5        0x3 
 .bss.hhcd_USB_OTG_FS
                0x200005d8      0x3e0 ./USB_HOST/Target/usbh_conf.o
                0x200005d8                hhcd_USB_OTG_FS
 .bss.pxCurrentTCB
                0x200009b8        0x4 ./common/Thirdparty/FreeRTOS/tasks.o
                0x200009b8                pxCurrentTCB
 .bss.pxReadyTasksLists
                0x200009bc       0x64 ./common/Thirdparty/FreeRTOS/tasks.o
 .bss.xDelayedTaskList1
                0x20000a20       0x14 ./common/Thirdparty/FreeRTOS/tasks.o
 .bss.xDelayedTaskList2
                0x20000a34       0x14 ./common/Thirdparty/FreeRTOS/tasks.o
 .bss.pxDelayedTaskList
                0x20000a48        0x4 ./common/Thirdparty/FreeRTOS/tasks.o
 .bss.pxOverflowDelayedTaskList
                0x20000a4c        0x4 ./common/Thirdparty/FreeRTOS/tasks.o
 .bss.xPendingReadyList
                0x20000a50       0x14 ./common/Thirdparty/FreeRTOS/tasks.o
 .bss.xTasksWaitingTermination
                0x20000a64       0x14 ./common/Thirdparty/FreeRTOS/tasks.o
 .bss.uxDeletedTasksWaitingCleanUp
                0x20000a78        0x4 ./common/Thirdparty/FreeRTOS/tasks.o
 .bss.xSuspendedTaskList
                0x20000a7c       0x14 ./common/Thirdparty/FreeRTOS/tasks.o
 .bss.uxCurrentNumberOfTasks
                0x20000a90        0x4 ./common/Thirdparty/FreeRTOS/tasks.o
 .bss.xTickCount
                0x20000a94        0x4 ./common/Thirdparty/FreeRTOS/tasks.o
 .bss.uxTopReadyPriority
                0x20000a98        0x4 ./common/Thirdparty/FreeRTOS/tasks.o
 .bss.xSchedulerRunning
                0x20000a9c        0x4 ./common/Thirdparty/FreeRTOS/tasks.o
 .bss.xPendedTicks
                0x20000aa0        0x4 ./common/Thirdparty/FreeRTOS/tasks.o
 .bss.xYieldPendings
                0x20000aa4        0x4 ./common/Thirdparty/FreeRTOS/tasks.o
 .bss.xNumOfOverflows
                0x20000aa8        0x4 ./common/Thirdparty/FreeRTOS/tasks.o
 .bss.uxTaskNumber
                0x20000aac        0x4 ./common/Thirdparty/FreeRTOS/tasks.o
 .bss.xNextTaskUnblockTime
                0x20000ab0        0x4 ./common/Thirdparty/FreeRTOS/tasks.o
 .bss.xIdleTaskHandles
                0x20000ab4        0x4 ./common/Thirdparty/FreeRTOS/tasks.o
 .bss.uxSchedulerSuspended
                0x20000ab8        0x4 ./common/Thirdparty/FreeRTOS/tasks.o
 .bss.ucMaxSysCallPriority
                0x20000abc        0x1 ./common/Thirdparty/FreeRTOS/portable/GCC/ARM_CM4F/port.o
 *fill*         0x20000abd        0x3 
 .bss.ulMaxPRIGROUPValue
                0x20000ac0        0x4 ./common/Thirdparty/FreeRTOS/portable/GCC/ARM_CM4F/port.o
 .bss.ucHeap    0x20000ac4    0x19000 ./common/Thirdparty/FreeRTOS/portable/MemMang/heap_4.o
 .bss.xStart    0x20019ac4        0x8 ./common/Thirdparty/FreeRTOS/portable/MemMang/heap_4.o
 .bss.pxEnd     0x20019acc        0x4 ./common/Thirdparty/FreeRTOS/portable/MemMang/heap_4.o
 .bss.xFreeBytesRemaining
                0x20019ad0        0x4 ./common/Thirdparty/FreeRTOS/portable/MemMang/heap_4.o
 .bss.xMinimumEverFreeBytesRemaining
                0x20019ad4        0x4 ./common/Thirdparty/FreeRTOS/portable/MemMang/heap_4.o
 .bss.xNumberOfSuccessfulAllocations
                0x20019ad8        0x4 ./common/Thirdparty/FreeRTOS/portable/MemMang/heap_4.o
 .bss.xNumberOfSuccessfulFrees
                0x20019adc        0x4 ./common/Thirdparty/FreeRTOS/portable/MemMang/heap_4.o
 .bss._aTasks   0x20019ae0       0xa0 ./common/Thirdparty/SEGGER/OS/SEGGER_SYSVIEW_FreeRTOS.o
 .bss._NumTasks
                0x20019b80        0x4 ./common/Thirdparty/SEGGER/OS/SEGGER_SYSVIEW_FreeRTOS.o
 .bss._cbOnRx   0x20019b84        0x4 ./common/Thirdparty/SEGGER/Rec/segger_uart.o
 .bss._cbOnTx   0x20019b88        0x4 ./common/Thirdparty/SEGGER/Rec/segger_uart.o
 .bss._SEGGER_RTT
                0x20019b8c       0xa8 ./common/Thirdparty/SEGGER/SEGGER/SEGGER_RTT.o
                0x20019b8c                _SEGGER_RTT
 .bss._acUpBuffer
                0x20019c34      0x400 ./common/Thirdparty/SEGGER/SEGGER/SEGGER_RTT.o
 .bss._acDownBuffer
                0x2001a034       0x10 ./common/Thirdparty/SEGGER/SEGGER/SEGGER_RTT.o
 .bss._UpBuffer
                0x2001a044     0x1000 ./common/Thirdparty/SEGGER/SEGGER/SEGGER_SYSVIEW.o
 .bss._DownBuffer
                0x2001b044        0x8 ./common/Thirdparty/SEGGER/SEGGER/SEGGER_SYSVIEW.o
 .bss._SYSVIEW_Globals
                0x2001b04c       0x28 ./common/Thirdparty/SEGGER/SEGGER/SEGGER_SYSVIEW.o
 .bss._pFirstModule
                0x2001b074        0x4 ./common/Thirdparty/SEGGER/SEGGER/SEGGER_SYSVIEW.o
 .bss._NumModules
                0x2001b078        0x1 ./common/Thirdparty/SEGGER/SEGGER/SEGGER_SYSVIEW.o
 *fill*         0x2001b079        0x3 
 .bss._aPacket  0x2001b07c       0xe3 ./common/Thirdparty/SEGGER/SEGGER/SEGGER_SYSVIEW.o
 *fill*         0x2001b15f        0x1 
 .bss.__malloc_sbrk_start
                0x2001b160        0x4 C:/ST/STM32CubeIDE_2.0.0/STM32CubeIDE/plugins/com.st.stm32cube.ide.mcu.externaltools.gnu-tools-for-stm32.13.3.rel1.win32_1.0.100.202509120712/tools/bin/../lib/gcc/arm-none-eabi/13.3.1/../../../../arm-none-eabi/lib/thumb/v7e-m+fp/hard\libc_nano.a(libc_a-mallocr.o)
                0x2001b160                __malloc_sbrk_start
 .bss.__malloc_free_list
                0x2001b164        0x4 C:/ST/STM32CubeIDE_2.0.0/STM32CubeIDE/plugins/com.st.stm32cube.ide.mcu.externaltools.gnu-tools-for-stm32.13.3.rel1.win32_1.0.100.202509120712/tools/bin/../lib/gcc/arm-none-eabi/13.3.1/../../../../arm-none-eabi/lib/thumb/v7e-m+fp/hard\libc_nano.a(libc_a-mallocr.o)
                0x2001b164                __malloc_free_list
 .bss.__sf      0x2001b168      0x138 C:/ST/STM32CubeIDE_2.0.0/STM32CubeIDE/plugins/com.st.stm32cube.ide.mcu.externaltools.gnu-tools-for-stm32.13.3.rel1.win32_1.0.100.202509120712/tools/bin/../lib/gcc/arm-none-eabi/13.3.1/../../../../arm-none-eabi/lib/thumb/v7e-m+fp/hard\libc_nano.a(libc_a-findfp.o)
                0x2001b168                __sf
 .bss.errno     0x2001b2a0        0x4 C:/ST/STM32CubeIDE_2.0.0/STM32CubeIDE/plugins/com.st.stm32cube.ide.mcu.externaltools.gnu-tools-for-stm32.13.3.rel1.win32_1.0.100.202509120712/tools/bin/../lib/gcc/arm-none-eabi/13.3.1/../../../../arm-none-eabi/lib/thumb/v7e-m+fp/hard\libc_nano.a(libc_a-reent.o)
                0x2001b2a0                errno
 .bss.__lock___malloc_recursive_mutex
                0x2001b2a4        0x1 C:/ST/STM32CubeIDE_2.0.0/STM32CubeIDE/plugins/com.st.stm32cube.ide.mcu.externaltools.gnu-tools-for-stm32.13.3.rel1.win32_1.0.100.202509120712/tools/bin/../lib/gcc/arm-none-eabi/13.3.1/../../../../arm-none-eabi/lib/thumb/v7e-m+fp/hard\libc_nano.a(libc_a-lock.o)
                0x2001b2a4                __lock___malloc_recursive_mutex
 *(COMMON)
                0x2001b2a8                        . = ALIGN (0x4)
 *fill*         0x2001b2a5        0x3 
                0x2001b2a8                        _ebss = .
                0x2001b2a8                        __bss_end__ = _ebss

._user_heap_stack
                0x2001b2a8      0x600
                0x2001b2a8                        . = ALIGN (0x8)
                [!provide]                        PROVIDE (end = .)
                0x2001b2a8                        PROVIDE (_end = .)
                0x2001b4a8                        . = (. + _Min_Heap_Size)
 *fill*         0x2001b2a8      0x200 
                0x2001b8a8                        . = (. + _Min_Stack_Size)
 *fill*         0x2001b4a8      0x400 
                0x2001b8a8                        . = ALIGN (0x8)

/DISCARD/
 libc.a(*)
 libm.a(*)
 libgcc.a(*)

.ARM.attributes
                0x00000000       0x30
 *(.ARM.attributes)
 .ARM.attributes
                0x00000000       0x22 C:/ST/STM32CubeIDE_2.0.0/STM32CubeIDE/plugins/com.st.stm32cube.ide.mcu.externaltools.gnu-tools-for-stm32.13.3.rel1.win32_1.0.100.202509120712/tools/bin/../lib/gcc/arm-none-eabi/13.3.1/thumb/v7e-m+fp/hard/crti.o
 .ARM.attributes
                0x00000022       0x34 C:/ST/STM32CubeIDE_2.0.0/STM32CubeIDE/plugins/com.st.stm32cube.ide.mcu.externaltools.gnu-tools-for-stm32.13.3.rel1.win32_1.0.100.202509120712/tools/bin/../lib/gcc/arm-none-eabi/13.3.1/thumb/v7e-m+fp/hard/crtbegin.o
 .ARM.attributes
                0x00000056       0x34 ./Core/Src/main.o
 .ARM.attributes
                0x0000008a       0x34 ./Core/Src/stm32f4xx_hal_msp.o
 .ARM.attributes
                0x000000be       0x34 ./Core/Src/stm32f4xx_hal_timebase_tim.o
 .ARM.attributes
                0x000000f2       0x34 ./Core/Src/stm32f4xx_it.o
 .ARM.attributes
                0x00000126       0x34 ./Core/Src/sysmem.o
 .ARM.attributes
                0x0000015a       0x34 ./Core/Src/system_stm32f4xx.o
 .ARM.attributes
                0x0000018e       0x21 ./Core/Startup/startup_stm32f407vgtx.o
 .ARM.attributes
                0x000001af       0x34 ./Drivers/STM32F4xx_HAL_Driver/Src/stm32f4xx_hal.o
 .ARM.attributes
                0x000001e3       0x34 ./Drivers/STM32F4xx_HAL_Driver/Src/stm32f4xx_hal_cortex.o
 .ARM.attributes
                0x00000217       0x34 ./Drivers/STM32F4xx_HAL_Driver/Src/stm32f4xx_hal_gpio.o
 .ARM.attributes
                0x0000024b       0x34 ./Drivers/STM32F4xx_HAL_Driver/Src/stm32f4xx_hal_hcd.o
 .ARM.attributes
                0x0000027f       0x34 ./Drivers/STM32F4xx_HAL_Driver/Src/stm32f4xx_hal_i2c.o
 .ARM.attributes
                0x000002b3       0x34 ./Drivers/STM32F4xx_HAL_Driver/Src/stm32f4xx_hal_i2s.o
 .ARM.attributes
                0x000002e7       0x34 ./Drivers/STM32F4xx_HAL_Driver/Src/stm32f4xx_hal_i2s_ex.o
 .ARM.attributes
                0x0000031b       0x34 ./Drivers/STM32F4xx_HAL_Driver/Src/stm32f4xx_hal_rcc.o
 .ARM.attributes
                0x0000034f       0x34 ./Drivers/STM32F4xx_HAL_Driver/Src/stm32f4xx_hal_rcc_ex.o
 .ARM.attributes
                0x00000383       0x34 ./Drivers/STM32F4xx_HAL_Driver/Src/stm32f4xx_hal_spi.o
 .ARM.attributes
                0x000003b7       0x34 ./Drivers/STM32F4xx_HAL_Driver/Src/stm32f4xx_hal_tim.o
 .ARM.attributes
                0x000003eb       0x34 ./Drivers/STM32F4xx_HAL_Driver/Src/stm32f4xx_hal_tim_ex.o
 .ARM.attributes
                0x0000041f       0x34 ./Drivers/STM32F4xx_HAL_Driver/Src/stm32f4xx_ll_usb.o
 .ARM.attributes
                0x00000453       0x34 ./Middlewares/ST/STM32_USB_Host_Library/Class/CDC/Src/usbh_cdc.o
 .ARM.attributes
                0x00000487       0x34 ./Middlewares/ST/STM32_USB_Host_Library/Core/Src/usbh_core.o
 .ARM.attributes
                0x000004bb       0x34 ./Middlewares/ST/STM32_USB_Host_Library/Core/Src/usbh_ctlreq.o
 .ARM.attributes
                0x000004ef       0x34 ./Middlewares/ST/STM32_USB_Host_Library/Core/Src/usbh_ioreq.o
 .ARM.attributes
                0x00000523       0x34 ./Middlewares/ST/STM32_USB_Host_Library/Core/Src/usbh_pipes.o
 .ARM.attributes
                0x00000557       0x34 ./USB_HOST/App/usb_host.o
 .ARM.attributes
                0x0000058b       0x34 ./USB_HOST/Target/usbh_conf.o
 .ARM.attributes
                0x000005bf       0x34 ./USB_HOST/Target/usbh_platform.o
 .ARM.attributes
                0x000005f3       0x34 ./common/Thirdparty/FreeRTOS/list.o
 .ARM.attributes
                0x00000627       0x34 ./common/Thirdparty/FreeRTOS/tasks.o
 .ARM.attributes
                0x0000065b       0x34 ./common/Thirdparty/FreeRTOS/portable/GCC/ARM_CM4F/port.o
 .ARM.attributes
                0x0000068f       0x34 ./common/Thirdparty/FreeRTOS/portable/MemMang/heap_4.o
 .ARM.attributes
                0x000006c3       0x34 ./common/Thirdparty/SEGGER/Config/SEGGER_SYSVIEW_Config_FreeRTOS.o
 .ARM.attributes
                0x000006f7       0x34 ./common/Thirdparty/SEGGER/OS/SEGGER_SYSVIEW_FreeRTOS.o
 .ARM.attributes
                0x0000072b       0x34 ./common/Thirdparty/SEGGER/Rec/segger_uart.o
 .ARM.attributes
                0x0000075f       0x34 ./common/Thirdparty/SEGGER/SEGGER/SEGGER_RTT.o
 .ARM.attributes
                0x00000793       0x20 ./common/Thirdparty/SEGGER/SEGGER/SEGGER_RTT_ASM_ARMv7M.o
 .ARM.attributes
                0x000007b3       0x34 ./common/Thirdparty/SEGGER/SEGGER/SEGGER_SYSVIEW.o
 .ARM.attributes
                0x000007e7       0x34 C:/ST/STM32CubeIDE_2.0.0/STM32CubeIDE/plugins/com.st.stm32cube.ide.mcu.externaltools.gnu-tools-for-stm32.13.3.rel1.win32_1.0.100.202509120712/tools/bin/../lib/gcc/arm-none-eabi/13.3.1/../../../../arm-none-eabi/lib/thumb/v7e-m+fp/hard\libc_nano.a(libc_a-malloc.o)
 .ARM.attributes
                0x0000081b       0x34 C:/ST/STM32CubeIDE_2.0.0/STM32CubeIDE/plugins/com.st.stm32cube.ide.mcu.externaltools.gnu-tools-for-stm32.13.3.rel1.win32_1.0.100.202509120712/tools/bin/../lib/gcc/arm-none-eabi/13.3.1/../../../../arm-none-eabi/lib/thumb/v7e-m+fp/hard\libc_nano.a(libc_a-mallocr.o)
 .ARM.attributes
                0x0000084f       0x34 C:/ST/STM32CubeIDE_2.0.0/STM32CubeIDE/plugins/com.st.stm32cube.ide.mcu.externaltools.gnu-tools-for-stm32.13.3.rel1.win32_1.0.100.202509120712/tools/bin/../lib/gcc/arm-none-eabi/13.3.1/../../../../arm-none-eabi/lib/thumb/v7e-m+fp/hard\libc_nano.a(libc_a-mlock.o)
 .ARM.attributes
                0x00000883       0x34 C:/ST/STM32CubeIDE_2.0.0/STM32CubeIDE/plugins/com.st.stm32cube.ide.mcu.externaltools.gnu-tools-for-stm32.13.3.rel1.win32_1.0.100.202509120712/tools/bin/../lib/gcc/arm-none-eabi/13.3.1/../../../../arm-none-eabi/lib/thumb/v7e-m+fp/hard\libc_nano.a(libc_a-findfp.o)
 .ARM.attributes